Processor is running @2195.010371 MHz
Runtime profile:
Time taken for main_mem function: 399.49 sec
IO times (sec) :
Reading IO time (reads) avg: 110.80, (110.80, 110.80)
Writing IO time (SAM) avg: 107.94, (107.94, 107.94)
Reading IO time (Reference Genome) avg: 14.63, (14.63, 14.63)
Index read time avg: 17.15, (17.15, 17.15)
Overall time (sec) (Excluding Index reading time):
PROCESS() (Total compute time + (read + SAM) IO time) : 363.70
MEM_PROCESS_SEQ() (Total compute time (Kernel + SAM)), avg: 340.87, (340.87, 340.87)
SAM Processing time (sec):
--WORKER_SAM avg: 44.91, (44.91, 44.91)
Kernels' compute time (sec):
Total kernel (smem+sal+bsw) time avg: 275.58, (275.58, 275.58)
SMEM compute avg: 159.02, (160.27, 157.86)
SAL compute avg: 42.36, (43.56, 41.34)
MEM_SA avg: 28.85, (29.86, 27.84)
BSW time, avg: 61.08, (61.40, 60.65)
Important parameter settings:
BATCH_SIZE: 512
MAX_SEQ_LEN_REF: 256
MAX_SEQ_LEN_QER: 128
MAX_SEQ_LEN8: 128
SEEDS_PER_READ: 500
SIMD_WIDTH8 X: 32
SIMD_WIDTH16 X: 16
AVG_SEEDS_PER_READ: 64
[bam_sort_core] merging from 0 files and 23 in-memory blocks...
READ 52384799 WRITTEN 52384799
EXCLUDED 277784 EXAMINED 52107015
PAIRED 52061162 SINGLE 45853
DULPICATE PAIR 1934858 DUPLICATE SINGLE 16657
DUPLICATE TOTAL 1951515
27-10-2022 16:30:20 | runner.py           | line 323: [    INFO]  PID 120706 : (megelis-alignment-qc-17357-18dc45f0) status code: 0; error: None
27-10-2022 16:30:20 | runner.py           | line 335: [    INFO]  PID 120706 : Saved 'megelis-alignment-qc-17357-18dc45f0' container log output (2.04 KB, ASCII text): '/mnt/data-processed/ngp-analysis/100075/17357/megelis-alignment-qc-17357-18dc45f0.log'
27-10-2022 16:30:20 | runner.py           | line 555: [    INFO]  PID 120706 : Pipeline stage 'alignment-qc': DONE
27-10-2022 16:30:20 | runner.py           | line 568: [    INFO]  PID 120706 : Pipeline stage 'postprocess-alignment-qc': INIT
27-10-2022 16:30:20 | runner.py           | line 262: [   DEBUG]  PID 120706 : Creating a docker container (megelis/ngp-python:development) 'megelis-ngp-python-17357-e2d6e84c'; volumes: ['/core-pool/pipelines/megelis-ngp/references/gatk-best-practices-hg38:/pipeline/reference:ro', '/mnt/data-processed/ngp-analysis/100075/17357:/pipeline/input:ro', '/mnt/data-processed/ngp-analysis/100075/17357:/pipeline/output:rw', '/core-pool/pipelines/megelis-ngp/python/scripts:/pipeline/tools:ro']; CMD args: ['python', '/pipeline/tools/process_mosdepth.py', '-T', '/pipeline/input/17357.thresholds.bed', '-R', '/pipeline/input/17357.regions.bed', '-d', '/pipeline/output']; env: {'GID': '1211', 'THREADS': '23'}
27-10-2022 16:30:24 | runner.py           | line 323: [    INFO]  PID 120706 : (megelis-ngp-python-17357-e2d6e84c) status code: 0; error: None
27-10-2022 16:30:24 | runner.py           | line 335: [    INFO]  PID 120706 : Saved 'megelis-ngp-python-17357-e2d6e84c' container log output (613 bytes, ASCII text): '/mnt/data-processed/ngp-analysis/100075/17357/megelis-ngp-python-17357-e2d6e84c.log'
27-10-2022 16:30:24 | runner.py           | line 603: [    INFO]  PID 120706 : Pipeline stage 'postprocess-alignment-qc': DONE
27-10-2022 16:30:24 | runner.py           | line 616: [    INFO]  PID 120706 : Pipeline stage 'variant-calling': INIT
27-10-2022 16:30:24 | runner.py           | line 262: [   DEBUG]  PID 120706 : Creating a docker container (megelis/deepvariant:development) 'megelis-deepvariant-17357-390d04e0'; volumes: ['/core-pool/pipelines/megelis-ngp/references/gatk-best-practices-hg38:/pipeline/reference:ro', '/mnt/data-processed/ngp-analysis/100075/17357:/pipeline/input:ro', '/mnt/data-processed/ngp-analysis/100075/17357:/pipeline/output:rw', '/core-pool/pipelines/megelis-ngp/header-settings.sh:/pipeline/tools/header-settings.sh:ro', '/core-pool/pipelines/megelis-ngp/references/regions/:/pipeline/regions:ro', '/core-pool/trash:/tmp']; CMD args: ['/pipeline/reference/Homo_sapiens_assembly38.fasta', '/pipeline/input/17357.sorted.dedup.bam', '/pipeline/regions/KAPA-HyperExome_hg38_capture_targets_150bp.bed']; env: {'GID': '1211', 'THREADS': '23'}
27-10-2022 13:30:22 | process_mosdepth.py | line  39: [    INFO]  Processing a mosdepth thresholds BED file: '/pipeline/input/17357.thresholds.bed' ...
27-10-2022 13:30:23 | process_mosdepth.py | line  81: [    INFO]  Processing a mosdepth regions BED file: '/pipeline/input/17357.regions.bed' ...
27-10-2022 13:30:24 | process_mosdepth.py | line  98: [    INFO]  Metrics saved to: /pipeline/output/17357.coverage-stats.txt
total_length : 42988611
width_0X     : 0.211
width_1X     : 99.789
width_10X    : 99.644
width_20X    : 98.578
width_50X    : 75.066
width_100X   : 7.087
mean_depth   : 64.87925906247158
/pipeline/tools/run-deepvariant.sh: line 3: source: /pipeline/tools/header-settings.sh: is a directory
I1027 13:30:31.845651 139914947524416 run_deepvariant.py:342] Re-using the directory for intermediate results in /tmp/tmp0k31f53u
I1027 13:30:31.889783 139914947524416 run_deepvariant.py:461] Creating a directory for logs in /pipeline/output/logs
***** Intermediate results will be written to /tmp/tmp0k31f53u in docker. ****
***** Running the command:*****
time seq 0 22 | parallel -q --halt 2 --line-buffer /opt/deepvariant/bin/make_examples --mode calling --ref "/pipeline/reference/Homo_sapiens_assembly38.fasta" --reads "/pipeline/input/17357.sorted.dedup.bam" --examples "/tmp/tmp0k31f53u/make_examples.tfrecord@23.gz" --channels "insert_size" --gvcf "/tmp/tmp0k31f53u/gvcf.tfrecord@23.gz" --regions "/pipeline/regions/KAPA-HyperExome_hg38_capture_targets_150bp.bed" --task {}
I1027 13:30:37.754089 140498842720064 genomics_reader.py:222] Reading /pipeline/input/17357.sorted.dedup.bam with NativeSamReader
I1027 13:30:37.775742 140261006911296 genomics_reader.py:222] Reading /pipeline/input/17357.sorted.dedup.bam with NativeSamReader
I1027 13:30:37.806071 140261006911296 make_examples_core.py:243] Task 1/23: Preparing inputs
I1027 13:30:37.971320 140261006911296 genomics_reader.py:222] Reading /pipeline/input/17357.sorted.dedup.bam with NativeSamReader
I1027 13:30:37.974363 140101909616448 genomics_reader.py:222] Reading /pipeline/input/17357.sorted.dedup.bam with NativeSamReader
I1027 13:30:38.063601 140101909616448 make_examples_core.py:243] Task 0/23: Preparing inputs
I1027 13:30:38.151682 140667042699072 genomics_reader.py:222] Reading /pipeline/input/17357.sorted.dedup.bam with NativeSamReader
I1027 13:30:37.972699 139894770648896 genomics_reader.py:222] Reading /pipeline/input/17357.sorted.dedup.bam with NativeSamReader
I1027 13:30:38.069877 139894770648896 make_examples_core.py:243] Task 9/23: Preparing inputs
I1027 13:30:38.159925 139894770648896 genomics_reader.py:222] Reading /pipeline/input/17357.sorted.dedup.bam with NativeSamReader
I1027 13:30:38.173301 139777853941568 genomics_reader.py:222] Reading /pipeline/input/17357.sorted.dedup.bam with NativeSamReader
I1027 13:30:37.797595 140498842720064 make_examples_core.py:243] Task 2/23: Preparing inputs
I1027 13:30:37.972561 140498842720064 genomics_reader.py:222] Reading /pipeline/input/17357.sorted.dedup.bam with NativeSamReader
I1027 13:30:38.070884 140330261481280 genomics_reader.py:222] Reading /pipeline/input/17357.sorted.dedup.bam with NativeSamReader
I1027 13:30:38.118011 140330261481280 make_examples_core.py:243] Task 8/23: Preparing inputs
I1027 13:30:38.183166 140530920023872 genomics_reader.py:222] Reading /pipeline/input/17357.sorted.dedup.bam with NativeSamReader
I1027 13:30:38.226035 140530920023872 make_examples_core.py:243] Task 6/23: Preparing inputs
I1027 13:30:38.511629 140530920023872 genomics_reader.py:222] Reading /pipeline/input/17357.sorted.dedup.bam with NativeSamReader
I1027 13:30:38.178143 140101909616448 genomics_reader.py:222] Reading /pipeline/input/17357.sorted.dedup.bam with NativeSamReader
I1027 13:30:38.200124 140667042699072 make_examples_core.py:243] Task 4/23: Preparing inputs
I1027 13:30:38.508758 140667042699072 genomics_reader.py:222] Reading /pipeline/input/17357.sorted.dedup.bam with NativeSamReader
I1027 13:30:38.219410 139777853941568 make_examples_core.py:243] Task 5/23: Preparing inputs
I1027 13:30:38.509905 139777853941568 genomics_reader.py:222] Reading /pipeline/input/17357.sorted.dedup.bam with NativeSamReader
I1027 13:30:38.617840 140293235164992 genomics_reader.py:222] Reading /pipeline/input/17357.sorted.dedup.bam with NativeSamReader
I1027 13:30:38.187217 140330261481280 genomics_reader.py:222] Reading /pipeline/input/17357.sorted.dedup.bam with NativeSamReader
I1027 13:30:38.628473 139734022551360 genomics_reader.py:222] Reading /pipeline/input/17357.sorted.dedup.bam with NativeSamReader
I1027 13:30:38.512065 140487329752896 genomics_reader.py:222] Reading /pipeline/input/17357.sorted.dedup.bam with NativeSamReader
I1027 13:30:38.609935 140487329752896 make_examples_core.py:243] Task 10/23: Preparing inputs
I1027 13:30:39.086345 140261006911296 make_examples_core.py:243] Task 1/23: Common contigs are ['chr1', 'chr2', 'chr3', 'chr4', 'chr5', 'chr6', 'chr7', 'chr8', 'chr9', 'chr10', 'chr11', 'chr12', 'chr13', 'chr14', 'chr15', 'chr16', 'chr17', 'chr18', 'chr19', 'chr20', 'chr21', 'chr22', 'chrX', 'chrY', 'chrM']
I1027 13:30:39.018776 140683902457664 genomics_reader.py:222] Reading /pipeline/input/17357.sorted.dedup.bam with NativeSamReader
I1027 13:30:39.060597 140683902457664 make_examples_core.py:243] Task 3/23: Preparing inputs
I1027 13:30:38.993244 139644561065792 genomics_reader.py:222] Reading /pipeline/input/17357.sorted.dedup.bam with NativeSamReader
I1027 13:30:39.041227 139644561065792 make_examples_core.py:243] Task 12/23: Preparing inputs
I1027 13:30:39.025140 139673329477440 genomics_reader.py:222] Reading /pipeline/input/17357.sorted.dedup.bam with NativeSamReader
I1027 13:30:39.064698 139673329477440 make_examples_core.py:243] Task 13/23: Preparing inputs
I1027 13:30:39.023511 139853816739648 genomics_reader.py:222] Reading /pipeline/input/17357.sorted.dedup.bam with NativeSamReader
I1027 13:30:39.067817 139853816739648 make_examples_core.py:243] Task 7/23: Preparing inputs
I1027 13:30:38.992832 139807707928384 genomics_reader.py:222] Reading /pipeline/input/17357.sorted.dedup.bam with NativeSamReader
I1027 13:30:39.044653 139807707928384 make_examples_core.py:243] Task 18/23: Preparing inputs
I1027 13:30:39.001847 140202101749568 genomics_reader.py:222] Reading /pipeline/input/17357.sorted.dedup.bam with NativeSamReader
I1027 13:30:39.054504 140202101749568 make_examples_core.py:243] Task 11/23: Preparing inputs
I1027 13:30:38.996073 139966182692672 genomics_reader.py:222] Reading /pipeline/input/17357.sorted.dedup.bam with NativeSamReader
I1027 13:30:39.050770 139966182692672 make_examples_core.py:243] Task 17/23: Preparing inputs
I1027 13:30:38.992475 140022624261952 genomics_reader.py:222] Reading /pipeline/input/17357.sorted.dedup.bam with NativeSamReader
I1027 13:30:39.033730 140022624261952 make_examples_core.py:243] Task 22/23: Preparing inputs
I1027 13:30:38.653487 140293235164992 make_examples_core.py:243] Task 15/23: Preparing inputs
I1027 13:30:38.999863 140293235164992 genomics_reader.py:222] Reading /pipeline/input/17357.sorted.dedup.bam with NativeSamReader
I1027 13:30:39.000113 140211358857024 genomics_reader.py:222] Reading /pipeline/input/17357.sorted.dedup.bam with NativeSamReader
I1027 13:30:39.048039 140211358857024 make_examples_core.py:243] Task 19/23: Preparing inputs
I1027 13:30:38.669888 139734022551360 make_examples_core.py:243] Task 21/23: Preparing inputs
I1027 13:30:39.014443 139734022551360 genomics_reader.py:222] Reading /pipeline/input/17357.sorted.dedup.bam with NativeSamReader
I1027 13:30:38.771733 140487329752896 genomics_reader.py:222] Reading /pipeline/input/17357.sorted.dedup.bam with NativeSamReader
I1027 13:30:39.005686 140525818730304 genomics_reader.py:222] Reading /pipeline/input/17357.sorted.dedup.bam with NativeSamReader
I1027 13:30:39.057419 140525818730304 make_examples_core.py:243] Task 16/23: Preparing inputs
I1027 13:30:39.643259 140530920023872 make_examples_core.py:243] Task 6/23: Common contigs are ['chr1', 'chr2', 'chr3', 'chr4', 'chr5', 'chr6', 'chr7', 'chr8', 'chr9', 'chr10', 'chr11', 'chr12', 'chr13', 'chr14', 'chr15', 'chr16', 'chr17', 'chr18', 'chr19', 'chr20', 'chr21', 'chr22', 'chrX', 'chrY', 'chrM']
I1027 13:30:39.244909 140101909616448 make_examples_core.py:243] Task 0/23: Common contigs are ['chr1', 'chr2', 'chr3', 'chr4', 'chr5', 'chr6', 'chr7', 'chr8', 'chr9', 'chr10', 'chr11', 'chr12', 'chr13', 'chr14', 'chr15', 'chr16', 'chr17', 'chr18', 'chr19', 'chr20', 'chr21', 'chr22', 'chrX', 'chrY', 'chrM']
I1027 13:30:39.304681 140683902457664 genomics_reader.py:222] Reading /pipeline/input/17357.sorted.dedup.bam with NativeSamReader
I1027 13:30:39.324259 139644561065792 genomics_reader.py:222] Reading /pipeline/input/17357.sorted.dedup.bam with NativeSamReader
I1027 13:30:39.321123 139673329477440 genomics_reader.py:222] Reading /pipeline/input/17357.sorted.dedup.bam with NativeSamReader
I1027 13:30:39.339856 139853816739648 genomics_reader.py:222] Reading /pipeline/input/17357.sorted.dedup.bam with NativeSamReader
I1027 13:30:39.158723 139894770648896 make_examples_core.py:243] Task 9/23: Common contigs are ['chr1', 'chr2', 'chr3', 'chr4', 'chr5', 'chr6', 'chr7', 'chr8', 'chr9', 'chr10', 'chr11', 'chr12', 'chr13', 'chr14', 'chr15', 'chr16', 'chr17', 'chr18', 'chr19', 'chr20', 'chr21', 'chr22', 'chrX', 'chrY', 'chrM']
I1027 13:30:39.312805 139807707928384 genomics_reader.py:222] Reading /pipeline/input/17357.sorted.dedup.bam with NativeSamReader
I1027 13:30:39.423044 139777853941568 make_examples_core.py:243] Task 5/23: Common contigs are ['chr1', 'chr2', 'chr3', 'chr4', 'chr5', 'chr6', 'chr7', 'chr8', 'chr9', 'chr10', 'chr11', 'chr12', 'chr13', 'chr14', 'chr15', 'chr16', 'chr17', 'chr18', 'chr19', 'chr20', 'chr21', 'chr22', 'chrX', 'chrY', 'chrM']
I1027 13:30:39.275449 140498842720064 make_examples_core.py:243] Task 2/23: Common contigs are ['chr1', 'chr2', 'chr3', 'chr4', 'chr5', 'chr6', 'chr7', 'chr8', 'chr9', 'chr10', 'chr11', 'chr12', 'chr13', 'chr14', 'chr15', 'chr16', 'chr17', 'chr18', 'chr19', 'chr20', 'chr21', 'chr22', 'chrX', 'chrY', 'chrM']
I1027 13:30:39.323251 140202101749568 genomics_reader.py:222] Reading /pipeline/input/17357.sorted.dedup.bam with NativeSamReader
I1027 13:30:39.316771 139966182692672 genomics_reader.py:222] Reading /pipeline/input/17357.sorted.dedup.bam with NativeSamReader
I1027 13:30:39.334637 140022624261952 genomics_reader.py:222] Reading /pipeline/input/17357.sorted.dedup.bam with NativeSamReader
I1027 13:30:39.445566 140330261481280 make_examples_core.py:243] Task 8/23: Common contigs are ['chr1', 'chr2', 'chr3', 'chr4', 'chr5', 'chr6', 'chr7', 'chr8', 'chr9', 'chr10', 'chr11', 'chr12', 'chr13', 'chr14', 'chr15', 'chr16', 'chr17', 'chr18', 'chr19', 'chr20', 'chr21', 'chr22', 'chrX', 'chrY', 'chrM']
I1027 13:30:39.304404 140110833223488 genomics_reader.py:222] Reading /pipeline/input/17357.sorted.dedup.bam with NativeSamReader
I1027 13:30:39.343390 140110833223488 make_examples_core.py:243] Task 20/23: Preparing inputs
I1027 13:30:39.598699 140110833223488 genomics_reader.py:222] Reading /pipeline/input/17357.sorted.dedup.bam with NativeSamReader
I1027 13:30:39.324977 140211358857024 genomics_reader.py:222] Reading /pipeline/input/17357.sorted.dedup.bam with NativeSamReader
I1027 13:30:39.327191 139688607323968 genomics_reader.py:222] Reading /pipeline/input/17357.sorted.dedup.bam with NativeSamReader
I1027 13:30:39.369015 139688607323968 make_examples_core.py:243] Task 14/23: Preparing inputs
I1027 13:30:39.606365 139688607323968 genomics_reader.py:222] Reading /pipeline/input/17357.sorted.dedup.bam with NativeSamReader
I1027 13:30:39.305796 140525818730304 genomics_reader.py:222] Reading /pipeline/input/17357.sorted.dedup.bam with NativeSamReader
I1027 13:30:39.755560 140261006911296 genomics_reader.py:222] Reading /pipeline/regions/KAPA-HyperExome_hg38_capture_targets_150bp.bed with NativeBedReader
I1027 13:30:39.908254 140101909616448 genomics_reader.py:222] Reading /pipeline/regions/KAPA-HyperExome_hg38_capture_targets_150bp.bed with NativeBedReader
I1027 13:30:39.883417 140667042699072 make_examples_core.py:243] Task 4/23: Common contigs are ['chr1', 'chr2', 'chr3', 'chr4', 'chr5', 'chr6', 'chr7', 'chr8', 'chr9', 'chr10', 'chr11', 'chr12', 'chr13', 'chr14', 'chr15', 'chr16', 'chr17', 'chr18', 'chr19', 'chr20', 'chr21', 'chr22', 'chrX', 'chrY', 'chrM']
I1027 13:30:40.183428 139644561065792 make_examples_core.py:243] Task 12/23: Common contigs are ['chr1', 'chr2', 'chr3', 'chr4', 'chr5', 'chr6', 'chr7', 'chr8', 'chr9', 'chr10', 'chr11', 'chr12', 'chr13', 'chr14', 'chr15', 'chr16', 'chr17', 'chr18', 'chr19', 'chr20', 'chr21', 'chr22', 'chrX', 'chrY', 'chrM']
I1027 13:30:39.948568 139894770648896 genomics_reader.py:222] Reading /pipeline/regions/KAPA-HyperExome_hg38_capture_targets_150bp.bed with NativeBedReader
I1027 13:30:39.955426 140498842720064 genomics_reader.py:222] Reading /pipeline/regions/KAPA-HyperExome_hg38_capture_targets_150bp.bed with NativeBedReader
I1027 13:30:40.206094 140293235164992 make_examples_core.py:243] Task 15/23: Common contigs are ['chr1', 'chr2', 'chr3', 'chr4', 'chr5', 'chr6', 'chr7', 'chr8', 'chr9', 'chr10', 'chr11', 'chr12', 'chr13', 'chr14', 'chr15', 'chr16', 'chr17', 'chr18', 'chr19', 'chr20', 'chr21', 'chr22', 'chrX', 'chrY', 'chrM']
I1027 13:30:40.205072 140487329752896 make_examples_core.py:243] Task 10/23: Common contigs are ['chr1', 'chr2', 'chr3', 'chr4', 'chr5', 'chr6', 'chr7', 'chr8', 'chr9', 'chr10', 'chr11', 'chr12', 'chr13', 'chr14', 'chr15', 'chr16', 'chr17', 'chr18', 'chr19', 'chr20', 'chr21', 'chr22', 'chrX', 'chrY', 'chrM']
I1027 13:30:40.620974 140530920023872 genomics_reader.py:222] Reading /pipeline/regions/KAPA-HyperExome_hg38_capture_targets_150bp.bed with NativeBedReader
I1027 13:30:40.635054 140667042699072 genomics_reader.py:222] Reading /pipeline/regions/KAPA-HyperExome_hg38_capture_targets_150bp.bed with NativeBedReader
I1027 13:30:40.379260 140683902457664 make_examples_core.py:243] Task 3/23: Common contigs are ['chr1', 'chr2', 'chr3', 'chr4', 'chr5', 'chr6', 'chr7', 'chr8', 'chr9', 'chr10', 'chr11', 'chr12', 'chr13', 'chr14', 'chr15', 'chr16', 'chr17', 'chr18', 'chr19', 'chr20', 'chr21', 'chr22', 'chrX', 'chrY', 'chrM']
I1027 13:30:40.509192 139673329477440 make_examples_core.py:243] Task 13/23: Common contigs are ['chr1', 'chr2', 'chr3', 'chr4', 'chr5', 'chr6', 'chr7', 'chr8', 'chr9', 'chr10', 'chr11', 'chr12', 'chr13', 'chr14', 'chr15', 'chr16', 'chr17', 'chr18', 'chr19', 'chr20', 'chr21', 'chr22', 'chrX', 'chrY', 'chrM']
I1027 13:30:40.327490 139853816739648 make_examples_core.py:243] Task 7/23: Common contigs are ['chr1', 'chr2', 'chr3', 'chr4', 'chr5', 'chr6', 'chr7', 'chr8', 'chr9', 'chr10', 'chr11', 'chr12', 'chr13', 'chr14', 'chr15', 'chr16', 'chr17', 'chr18', 'chr19', 'chr20', 'chr21', 'chr22', 'chrX', 'chrY', 'chrM']
I1027 13:30:40.588583 139807707928384 make_examples_core.py:243] Task 18/23: Common contigs are ['chr1', 'chr2', 'chr3', 'chr4', 'chr5', 'chr6', 'chr7', 'chr8', 'chr9', 'chr10', 'chr11', 'chr12', 'chr13', 'chr14', 'chr15', 'chr16', 'chr17', 'chr18', 'chr19', 'chr20', 'chr21', 'chr22', 'chrX', 'chrY', 'chrM']
I1027 13:30:40.511358 139777853941568 genomics_reader.py:222] Reading /pipeline/regions/KAPA-HyperExome_hg38_capture_targets_150bp.bed with NativeBedReader
I1027 13:30:40.608822 140202101749568 make_examples_core.py:243] Task 11/23: Common contigs are ['chr1', 'chr2', 'chr3', 'chr4', 'chr5', 'chr6', 'chr7', 'chr8', 'chr9', 'chr10', 'chr11', 'chr12', 'chr13', 'chr14', 'chr15', 'chr16', 'chr17', 'chr18', 'chr19', 'chr20', 'chr21', 'chr22', 'chrX', 'chrY', 'chrM']
I1027 13:30:40.865503 139966182692672 make_examples_core.py:243] Task 17/23: Common contigs are ['chr1', 'chr2', 'chr3', 'chr4', 'chr5', 'chr6', 'chr7', 'chr8', 'chr9', 'chr10', 'chr11', 'chr12', 'chr13', 'chr14', 'chr15', 'chr16', 'chr17', 'chr18', 'chr19', 'chr20', 'chr21', 'chr22', 'chrX', 'chrY', 'chrM']
I1027 13:30:40.705864 140022624261952 make_examples_core.py:243] Task 22/23: Common contigs are ['chr1', 'chr2', 'chr3', 'chr4', 'chr5', 'chr6', 'chr7', 'chr8', 'chr9', 'chr10', 'chr11', 'chr12', 'chr13', 'chr14', 'chr15', 'chr16', 'chr17', 'chr18', 'chr19', 'chr20', 'chr21', 'chr22', 'chrX', 'chrY', 'chrM']
I1027 13:30:40.931495 140293235164992 genomics_reader.py:222] Reading /pipeline/regions/KAPA-HyperExome_hg38_capture_targets_150bp.bed with NativeBedReader
I1027 13:30:40.315751 140330261481280 genomics_reader.py:222] Reading /pipeline/regions/KAPA-HyperExome_hg38_capture_targets_150bp.bed with NativeBedReader
I1027 13:30:40.884328 140211358857024 make_examples_core.py:243] Task 19/23: Common contigs are ['chr1', 'chr2', 'chr3', 'chr4', 'chr5', 'chr6', 'chr7', 'chr8', 'chr9', 'chr10', 'chr11', 'chr12', 'chr13', 'chr14', 'chr15', 'chr16', 'chr17', 'chr18', 'chr19', 'chr20', 'chr21', 'chr22', 'chrX', 'chrY', 'chrM']
I1027 13:30:40.288768 139734022551360 make_examples_core.py:243] Task 21/23: Common contigs are ['chr1', 'chr2', 'chr3', 'chr4', 'chr5', 'chr6', 'chr7', 'chr8', 'chr9', 'chr10', 'chr11', 'chr12', 'chr13', 'chr14', 'chr15', 'chr16', 'chr17', 'chr18', 'chr19', 'chr20', 'chr21', 'chr22', 'chrX', 'chrY', 'chrM']
I1027 13:30:40.591571 139688607323968 make_examples_core.py:243] Task 14/23: Common contigs are ['chr1', 'chr2', 'chr3', 'chr4', 'chr5', 'chr6', 'chr7', 'chr8', 'chr9', 'chr10', 'chr11', 'chr12', 'chr13', 'chr14', 'chr15', 'chr16', 'chr17', 'chr18', 'chr19', 'chr20', 'chr21', 'chr22', 'chrX', 'chrY', 'chrM']
I1027 13:30:40.701995 140525818730304 make_examples_core.py:243] Task 16/23: Common contigs are ['chr1', 'chr2', 'chr3', 'chr4', 'chr5', 'chr6', 'chr7', 'chr8', 'chr9', 'chr10', 'chr11', 'chr12', 'chr13', 'chr14', 'chr15', 'chr16', 'chr17', 'chr18', 'chr19', 'chr20', 'chr21', 'chr22', 'chrX', 'chrY', 'chrM']
I1027 13:30:40.975862 140683902457664 genomics_reader.py:222] Reading /pipeline/regions/KAPA-HyperExome_hg38_capture_targets_150bp.bed with NativeBedReader
I1027 13:30:41.152382 139644561065792 genomics_reader.py:222] Reading /pipeline/regions/KAPA-HyperExome_hg38_capture_targets_150bp.bed with NativeBedReader
I1027 13:30:41.367298 139673329477440 genomics_reader.py:222] Reading /pipeline/regions/KAPA-HyperExome_hg38_capture_targets_150bp.bed with NativeBedReader
I1027 13:30:41.051182 139853816739648 genomics_reader.py:222] Reading /pipeline/regions/KAPA-HyperExome_hg38_capture_targets_150bp.bed with NativeBedReader
I1027 13:30:41.536802 139807707928384 genomics_reader.py:222] Reading /pipeline/regions/KAPA-HyperExome_hg38_capture_targets_150bp.bed with NativeBedReader
I1027 13:30:41.407555 140202101749568 genomics_reader.py:222] Reading /pipeline/regions/KAPA-HyperExome_hg38_capture_targets_150bp.bed with NativeBedReader
I1027 13:30:41.041402 140110833223488 make_examples_core.py:243] Task 20/23: Common contigs are ['chr1', 'chr2', 'chr3', 'chr4', 'chr5', 'chr6', 'chr7', 'chr8', 'chr9', 'chr10', 'chr11', 'chr12', 'chr13', 'chr14', 'chr15', 'chr16', 'chr17', 'chr18', 'chr19', 'chr20', 'chr21', 'chr22', 'chrX', 'chrY', 'chrM']
I1027 13:30:41.072371 139734022551360 genomics_reader.py:222] Reading /pipeline/regions/KAPA-HyperExome_hg38_capture_targets_150bp.bed with NativeBedReader
I1027 13:30:41.150871 140487329752896 genomics_reader.py:222] Reading /pipeline/regions/KAPA-HyperExome_hg38_capture_targets_150bp.bed with NativeBedReader
I1027 13:30:41.429939 139688607323968 genomics_reader.py:222] Reading /pipeline/regions/KAPA-HyperExome_hg38_capture_targets_150bp.bed with NativeBedReader
I1027 13:30:41.546877 140525818730304 genomics_reader.py:222] Reading /pipeline/regions/KAPA-HyperExome_hg38_capture_targets_150bp.bed with NativeBedReader
I1027 13:30:41.878015 139966182692672 genomics_reader.py:222] Reading /pipeline/regions/KAPA-HyperExome_hg38_capture_targets_150bp.bed with NativeBedReader
I1027 13:30:41.861773 140022624261952 genomics_reader.py:222] Reading /pipeline/regions/KAPA-HyperExome_hg38_capture_targets_150bp.bed with NativeBedReader
I1027 13:30:42.033584 140110833223488 genomics_reader.py:222] Reading /pipeline/regions/KAPA-HyperExome_hg38_capture_targets_150bp.bed with NativeBedReader
I1027 13:30:41.876000 140211358857024 genomics_reader.py:222] Reading /pipeline/regions/KAPA-HyperExome_hg38_capture_targets_150bp.bed with NativeBedReader
I1027 13:32:01.390579 140498842720064 make_examples_core.py:243] Task 2/23: Starting from v0.9.0, --use_ref_for_cram is default to true. If you are using CRAM input, note that we will decode CRAM using the reference you passed in with --ref
2022-10-27 13:32:01.399590: I third_party/nucleus/io/sam_reader.cc:736] Setting HTS_OPT_BLOCK_SIZE to 134217728
I1027 13:32:02.415290 140101909616448 make_examples_core.py:243] Task 0/23: Starting from v0.9.0, --use_ref_for_cram is default to true. If you are using CRAM input, note that we will decode CRAM using the reference you passed in with --ref
2022-10-27 13:32:04.350707: I third_party/nucleus/io/sam_reader.cc:736] Setting HTS_OPT_BLOCK_SIZE to 134217728
I1027 13:32:03.748971 140202101749568 make_examples_core.py:243] Task 11/23: Starting from v0.9.0, --use_ref_for_cram is default to true. If you are using CRAM input, note that we will decode CRAM using the reference you passed in with --ref
I1027 13:32:04.352190 140293235164992 make_examples_core.py:243] Task 15/23: Starting from v0.9.0, --use_ref_for_cram is default to true. If you are using CRAM input, note that we will decode CRAM using the reference you passed in with --ref
I1027 13:32:04.609497 140101909616448 genomics_reader.py:222] Reading /pipeline/input/17357.sorted.dedup.bam with NativeSamReader
I1027 13:32:04.997987 140101909616448 genomics_reader.py:222] Reading /pipeline/input/17357.sorted.dedup.bam with NativeSamReader
I1027 13:32:05.008102 140101909616448 make_examples_core.py:243] Task 0/23: Writing gvcf records to /tmp/tmp0k31f53u/gvcf.tfrecord-00000-of-00023.gz
I1027 13:32:05.009767 140101909616448 make_examples_core.py:243] Task 0/23: Writing examples to /tmp/tmp0k31f53u/make_examples.tfrecord-00000-of-00023.gz
I1027 13:32:05.009909 140101909616448 make_examples_core.py:243] Task 0/23: Overhead for preparing inputs: 86 seconds
I1027 13:32:05.032662 140101909616448 make_examples_core.py:243] Task 0/23: 0 candidates (0 examples) [0.02s elapsed]
I1027 13:32:04.538707 140498842720064 genomics_reader.py:222] Reading /pipeline/input/17357.sorted.dedup.bam with NativeSamReader
I1027 13:32:04.995718 140498842720064 genomics_reader.py:222] Reading /pipeline/input/17357.sorted.dedup.bam with NativeSamReader
I1027 13:32:05.010791 140498842720064 make_examples_core.py:243] Task 2/23: Writing gvcf records to /tmp/tmp0k31f53u/gvcf.tfrecord-00002-of-00023.gz
I1027 13:32:05.011810 140498842720064 make_examples_core.py:243] Task 2/23: Writing examples to /tmp/tmp0k31f53u/make_examples.tfrecord-00002-of-00023.gz
I1027 13:32:05.011918 140498842720064 make_examples_core.py:243] Task 2/23: Overhead for preparing inputs: 87 seconds
I1027 13:32:05.033375 140498842720064 make_examples_core.py:243] Task 2/23: 0 candidates (0 examples) [0.02s elapsed]
2022-10-27 13:32:04.490887: I third_party/nucleus/io/sam_reader.cc:736] Setting HTS_OPT_BLOCK_SIZE to 134217728
I1027 13:32:04.736575 140202101749568 genomics_reader.py:222] Reading /pipeline/input/17357.sorted.dedup.bam with NativeSamReader
I1027 13:32:05.037211 140202101749568 genomics_reader.py:222] Reading /pipeline/input/17357.sorted.dedup.bam with NativeSamReader
I1027 13:32:05.046005 140202101749568 make_examples_core.py:243] Task 11/23: Writing gvcf records to /tmp/tmp0k31f53u/gvcf.tfrecord-00011-of-00023.gz
I1027 13:32:05.047492 140202101749568 make_examples_core.py:243] Task 11/23: Writing examples to /tmp/tmp0k31f53u/make_examples.tfrecord-00011-of-00023.gz
I1027 13:32:05.047653 140202101749568 make_examples_core.py:243] Task 11/23: Overhead for preparing inputs: 85 seconds
I1027 13:32:05.105735 140202101749568 make_examples_core.py:243] Task 11/23: 1 candidates (1 examples) [0.06s elapsed]
2022-10-27 13:32:04.659767: I third_party/nucleus/io/sam_reader.cc:736] Setting HTS_OPT_BLOCK_SIZE to 134217728
I1027 13:32:04.994902 140293235164992 genomics_reader.py:222] Reading /pipeline/input/17357.sorted.dedup.bam with NativeSamReader
I1027 13:32:05.289411 140293235164992 genomics_reader.py:222] Reading /pipeline/input/17357.sorted.dedup.bam with NativeSamReader
I1027 13:32:05.295668 140293235164992 make_examples_core.py:243] Task 15/23: Writing gvcf records to /tmp/tmp0k31f53u/gvcf.tfrecord-00015-of-00023.gz
I1027 13:32:05.296838 140293235164992 make_examples_core.py:243] Task 15/23: Writing examples to /tmp/tmp0k31f53u/make_examples.tfrecord-00015-of-00023.gz
I1027 13:32:05.296943 140293235164992 make_examples_core.py:243] Task 15/23: Overhead for preparing inputs: 86 seconds
I1027 13:32:05.335919 140293235164992 make_examples_core.py:243] Task 15/23: 0 candidates (0 examples) [0.04s elapsed]
I1027 13:32:05.527983 140330261481280 make_examples_core.py:243] Task 8/23: Starting from v0.9.0, --use_ref_for_cram is default to true. If you are using CRAM input, note that we will decode CRAM using the reference you passed in with --ref
2022-10-27 13:32:05.535357: I third_party/nucleus/io/sam_reader.cc:736] Setting HTS_OPT_BLOCK_SIZE to 134217728
I1027 13:32:05.839666 140330261481280 genomics_reader.py:222] Reading /pipeline/input/17357.sorted.dedup.bam with NativeSamReader
I1027 13:32:06.271437 140330261481280 genomics_reader.py:222] Reading /pipeline/input/17357.sorted.dedup.bam with NativeSamReader
I1027 13:32:06.277378 140330261481280 make_examples_core.py:243] Task 8/23: Writing gvcf records to /tmp/tmp0k31f53u/gvcf.tfrecord-00008-of-00023.gz
I1027 13:32:06.278343 140330261481280 make_examples_core.py:243] Task 8/23: Writing examples to /tmp/tmp0k31f53u/make_examples.tfrecord-00008-of-00023.gz
I1027 13:32:06.278442 140330261481280 make_examples_core.py:243] Task 8/23: Overhead for preparing inputs: 88 seconds
I1027 13:32:06.298681 140330261481280 make_examples_core.py:243] Task 8/23: 0 candidates (0 examples) [0.02s elapsed]
I1027 13:32:07.924909 139673329477440 make_examples_core.py:243] Task 13/23: Starting from v0.9.0, --use_ref_for_cram is default to true. If you are using CRAM input, note that we will decode CRAM using the reference you passed in with --ref
2022-10-27 13:32:07.928324: I third_party/nucleus/io/sam_reader.cc:736] Setting HTS_OPT_BLOCK_SIZE to 134217728
I1027 13:32:08.193382 139673329477440 genomics_reader.py:222] Reading /pipeline/input/17357.sorted.dedup.bam with NativeSamReader
I1027 13:32:08.409112 139688607323968 make_examples_core.py:243] Task 14/23: Starting from v0.9.0, --use_ref_for_cram is default to true. If you are using CRAM input, note that we will decode CRAM using the reference you passed in with --ref
2022-10-27 13:32:08.451646: I third_party/nucleus/io/sam_reader.cc:736] Setting HTS_OPT_BLOCK_SIZE to 134217728
I1027 13:32:08.718196 140261006911296 make_examples_core.py:243] Task 1/23: Starting from v0.9.0, --use_ref_for_cram is default to true. If you are using CRAM input, note that we will decode CRAM using the reference you passed in with --ref
2022-10-27 13:32:08.765407: I third_party/nucleus/io/sam_reader.cc:736] Setting HTS_OPT_BLOCK_SIZE to 134217728
I1027 13:32:09.010538 140261006911296 genomics_reader.py:222] Reading /pipeline/input/17357.sorted.dedup.bam with NativeSamReader
I1027 13:32:09.550645 140261006911296 genomics_reader.py:222] Reading /pipeline/input/17357.sorted.dedup.bam with NativeSamReader
I1027 13:32:09.725097 140261006911296 make_examples_core.py:243] Task 1/23: Writing gvcf records to /tmp/tmp0k31f53u/gvcf.tfrecord-00001-of-00023.gz
I1027 13:32:09.726505 140261006911296 make_examples_core.py:243] Task 1/23: Writing examples to /tmp/tmp0k31f53u/make_examples.tfrecord-00001-of-00023.gz
I1027 13:32:09.726659 140261006911296 make_examples_core.py:243] Task 1/23: Overhead for preparing inputs: 91 seconds
I1027 13:32:08.931589 140683902457664 make_examples_core.py:243] Task 3/23: Starting from v0.9.0, --use_ref_for_cram is default to true. If you are using CRAM input, note that we will decode CRAM using the reference you passed in with --ref
2022-10-27 13:32:09.222720: I third_party/nucleus/io/sam_reader.cc:736] Setting HTS_OPT_BLOCK_SIZE to 134217728
I1027 13:32:09.546973 140683902457664 genomics_reader.py:222] Reading /pipeline/input/17357.sorted.dedup.bam with NativeSamReader
I1027 13:32:08.683771 139673329477440 genomics_reader.py:222] Reading /pipeline/input/17357.sorted.dedup.bam with NativeSamReader
I1027 13:32:08.690324 139673329477440 make_examples_core.py:243] Task 13/23: Writing gvcf records to /tmp/tmp0k31f53u/gvcf.tfrecord-00013-of-00023.gz
I1027 13:32:08.691326 139673329477440 make_examples_core.py:243] Task 13/23: Writing examples to /tmp/tmp0k31f53u/make_examples.tfrecord-00013-of-00023.gz
I1027 13:32:08.691425 139673329477440 make_examples_core.py:243] Task 13/23: Overhead for preparing inputs: 89 seconds
I1027 13:32:08.728944 139673329477440 make_examples_core.py:243] Task 13/23: 2 candidates (2 examples) [0.04s elapsed]
I1027 13:32:09.276798 139853816739648 make_examples_core.py:243] Task 7/23: Starting from v0.9.0, --use_ref_for_cram is default to true. If you are using CRAM input, note that we will decode CRAM using the reference you passed in with --ref
2022-10-27 13:32:09.412688: I third_party/nucleus/io/sam_reader.cc:736] Setting HTS_OPT_BLOCK_SIZE to 134217728
I1027 13:32:09.739231 139853816739648 genomics_reader.py:222] Reading /pipeline/input/17357.sorted.dedup.bam with NativeSamReader
I1027 13:32:08.814461 139894770648896 make_examples_core.py:243] Task 9/23: Starting from v0.9.0, --use_ref_for_cram is default to true. If you are using CRAM input, note that we will decode CRAM using the reference you passed in with --ref
2022-10-27 13:32:08.928717: I third_party/nucleus/io/sam_reader.cc:736] Setting HTS_OPT_BLOCK_SIZE to 134217728
I1027 13:32:09.205055 139894770648896 genomics_reader.py:222] Reading /pipeline/input/17357.sorted.dedup.bam with NativeSamReader
I1027 13:32:08.775215 139777853941568 make_examples_core.py:243] Task 5/23: Starting from v0.9.0, --use_ref_for_cram is default to true. If you are using CRAM input, note that we will decode CRAM using the reference you passed in with --ref
2022-10-27 13:32:09.725751: I third_party/nucleus/io/sam_reader.cc:736] Setting HTS_OPT_BLOCK_SIZE to 134217728
I1027 13:32:08.867198 140022624261952 make_examples_core.py:243] Task 22/23: Starting from v0.9.0, --use_ref_for_cram is default to true. If you are using CRAM input, note that we will decode CRAM using the reference you passed in with --ref
2022-10-27 13:32:09.096782: I third_party/nucleus/io/sam_reader.cc:736] Setting HTS_OPT_BLOCK_SIZE to 134217728
I1027 13:32:09.299728 140022624261952 genomics_reader.py:222] Reading /pipeline/input/17357.sorted.dedup.bam with NativeSamReader
I1027 13:32:09.147307 139734022551360 make_examples_core.py:243] Task 21/23: Starting from v0.9.0, --use_ref_for_cram is default to true. If you are using CRAM input, note that we will decode CRAM using the reference you passed in with --ref
2022-10-27 13:32:09.561828: I third_party/nucleus/io/sam_reader.cc:736] Setting HTS_OPT_BLOCK_SIZE to 134217728
I1027 13:32:09.308130 140487329752896 make_examples_core.py:243] Task 10/23: Starting from v0.9.0, --use_ref_for_cram is default to true. If you are using CRAM input, note that we will decode CRAM using the reference you passed in with --ref
2022-10-27 13:32:09.561711: I third_party/nucleus/io/sam_reader.cc:736] Setting HTS_OPT_BLOCK_SIZE to 134217728
I1027 13:32:08.688000 139688607323968 genomics_reader.py:222] Reading /pipeline/input/17357.sorted.dedup.bam with NativeSamReader
I1027 13:32:09.303020 139688607323968 genomics_reader.py:222] Reading /pipeline/input/17357.sorted.dedup.bam with NativeSamReader
I1027 13:32:09.411193 139688607323968 make_examples_core.py:243] Task 14/23: Writing gvcf records to /tmp/tmp0k31f53u/gvcf.tfrecord-00014-of-00023.gz
I1027 13:32:09.412839 139688607323968 make_examples_core.py:243] Task 14/23: Writing examples to /tmp/tmp0k31f53u/make_examples.tfrecord-00014-of-00023.gz
I1027 13:32:09.412977 139688607323968 make_examples_core.py:243] Task 14/23: Overhead for preparing inputs: 90 seconds
I1027 13:32:09.662984 139688607323968 make_examples_core.py:243] Task 14/23: 11 candidates (11 examples) [0.25s elapsed]
I1027 13:32:09.797343 140261006911296 make_examples_core.py:243] Task 1/23: 2 candidates (2 examples) [0.07s elapsed]
I1027 13:32:09.755541 140667042699072 make_examples_core.py:243] Task 4/23: Starting from v0.9.0, --use_ref_for_cram is default to true. If you are using CRAM input, note that we will decode CRAM using the reference you passed in with --ref
2022-10-27 13:32:10.377724: I third_party/nucleus/io/sam_reader.cc:736] Setting HTS_OPT_BLOCK_SIZE to 134217728
I1027 13:32:10.651626 140667042699072 genomics_reader.py:222] Reading /pipeline/input/17357.sorted.dedup.bam with NativeSamReader
I1027 13:32:10.068804 140683902457664 genomics_reader.py:222] Reading /pipeline/input/17357.sorted.dedup.bam with NativeSamReader
I1027 13:32:10.376585 140683902457664 make_examples_core.py:243] Task 3/23: Writing gvcf records to /tmp/tmp0k31f53u/gvcf.tfrecord-00003-of-00023.gz
I1027 13:32:10.378479 140683902457664 make_examples_core.py:243] Task 3/23: Writing examples to /tmp/tmp0k31f53u/make_examples.tfrecord-00003-of-00023.gz
I1027 13:32:10.378644 140683902457664 make_examples_core.py:243] Task 3/23: Overhead for preparing inputs: 91 seconds
I1027 13:32:10.406942 140683902457664 make_examples_core.py:243] Task 3/23: 0 candidates (0 examples) [0.03s elapsed]
I1027 13:32:10.722815 139644561065792 make_examples_core.py:243] Task 12/23: Starting from v0.9.0, --use_ref_for_cram is default to true. If you are using CRAM input, note that we will decode CRAM using the reference you passed in with --ref
2022-10-27 13:32:10.728088: I third_party/nucleus/io/sam_reader.cc:736] Setting HTS_OPT_BLOCK_SIZE to 134217728
I1027 13:32:10.668262 139853816739648 genomics_reader.py:222] Reading /pipeline/input/17357.sorted.dedup.bam with NativeSamReader
I1027 13:32:10.691145 139853816739648 make_examples_core.py:243] Task 7/23: Writing gvcf records to /tmp/tmp0k31f53u/gvcf.tfrecord-00007-of-00023.gz
I1027 13:32:10.692600 139853816739648 make_examples_core.py:243] Task 7/23: Writing examples to /tmp/tmp0k31f53u/make_examples.tfrecord-00007-of-00023.gz
I1027 13:32:10.692744 139853816739648 make_examples_core.py:243] Task 7/23: Overhead for preparing inputs: 91 seconds
I1027 13:32:09.757452 139894770648896 genomics_reader.py:222] Reading /pipeline/input/17357.sorted.dedup.bam with NativeSamReader
I1027 13:32:09.890143 139894770648896 make_examples_core.py:243] Task 9/23: Writing gvcf records to /tmp/tmp0k31f53u/gvcf.tfrecord-00009-of-00023.gz
I1027 13:32:09.891646 139894770648896 make_examples_core.py:243] Task 9/23: Writing examples to /tmp/tmp0k31f53u/make_examples.tfrecord-00009-of-00023.gz
I1027 13:32:09.891802 139894770648896 make_examples_core.py:243] Task 9/23: Overhead for preparing inputs: 91 seconds
I1027 13:32:09.995849 139894770648896 make_examples_core.py:243] Task 9/23: 2 candidates (2 examples) [0.10s elapsed]
I1027 13:32:10.068641 139777853941568 genomics_reader.py:222] Reading /pipeline/input/17357.sorted.dedup.bam with NativeSamReader
I1027 13:32:10.667911 139777853941568 genomics_reader.py:222] Reading /pipeline/input/17357.sorted.dedup.bam with NativeSamReader
I1027 13:32:10.690815 139777853941568 make_examples_core.py:243] Task 5/23: Writing gvcf records to /tmp/tmp0k31f53u/gvcf.tfrecord-00005-of-00023.gz
I1027 13:32:10.692537 139777853941568 make_examples_core.py:243] Task 5/23: Writing examples to /tmp/tmp0k31f53u/make_examples.tfrecord-00005-of-00023.gz
I1027 13:32:10.692675 139777853941568 make_examples_core.py:243] Task 5/23: Overhead for preparing inputs: 92 seconds
I1027 13:32:10.734317 139777853941568 make_examples_core.py:243] Task 5/23: 0 candidates (0 examples) [0.04s elapsed]
I1027 13:32:09.911589 139966182692672 make_examples_core.py:243] Task 17/23: Starting from v0.9.0, --use_ref_for_cram is default to true. If you are using CRAM input, note that we will decode CRAM using the reference you passed in with --ref
2022-10-27 13:32:10.059737: I third_party/nucleus/io/sam_reader.cc:736] Setting HTS_OPT_BLOCK_SIZE to 134217728
I1027 13:32:10.360860 139966182692672 genomics_reader.py:222] Reading /pipeline/input/17357.sorted.dedup.bam with NativeSamReader
I1027 13:32:10.678929 139966182692672 genomics_reader.py:222] Reading /pipeline/input/17357.sorted.dedup.bam with NativeSamReader
I1027 13:32:10.691601 139966182692672 make_examples_core.py:243] Task 17/23: Writing gvcf records to /tmp/tmp0k31f53u/gvcf.tfrecord-00017-of-00023.gz
I1027 13:32:10.692753 139966182692672 make_examples_core.py:243] Task 17/23: Writing examples to /tmp/tmp0k31f53u/make_examples.tfrecord-00017-of-00023.gz
I1027 13:32:10.692850 139966182692672 make_examples_core.py:243] Task 17/23: Overhead for preparing inputs: 91 seconds
I1027 13:32:10.762234 139966182692672 make_examples_core.py:243] Task 17/23: 1 candidates (1 examples) [0.07s elapsed]
I1027 13:32:09.778232 140022624261952 genomics_reader.py:222] Reading /pipeline/input/17357.sorted.dedup.bam with NativeSamReader
I1027 13:32:09.887482 140022624261952 make_examples_core.py:243] Task 22/23: Writing gvcf records to /tmp/tmp0k31f53u/gvcf.tfrecord-00022-of-00023.gz
I1027 13:32:09.889291 140022624261952 make_examples_core.py:243] Task 22/23: Writing examples to /tmp/tmp0k31f53u/make_examples.tfrecord-00022-of-00023.gz
I1027 13:32:09.889462 140022624261952 make_examples_core.py:243] Task 22/23: Overhead for preparing inputs: 90 seconds
I1027 13:32:10.015923 140022624261952 make_examples_core.py:243] Task 22/23: 3 candidates (3 examples) [0.13s elapsed]
I1027 13:32:10.046721 140211358857024 make_examples_core.py:243] Task 19/23: Starting from v0.9.0, --use_ref_for_cram is default to true. If you are using CRAM input, note that we will decode CRAM using the reference you passed in with --ref
2022-10-27 13:32:10.212708: I third_party/nucleus/io/sam_reader.cc:736] Setting HTS_OPT_BLOCK_SIZE to 134217728
I1027 13:32:10.522364 140211358857024 genomics_reader.py:222] Reading /pipeline/input/17357.sorted.dedup.bam with NativeSamReader
I1027 13:32:09.763660 139734022551360 genomics_reader.py:222] Reading /pipeline/input/17357.sorted.dedup.bam with NativeSamReader
I1027 13:32:10.176565 139734022551360 genomics_reader.py:222] Reading /pipeline/input/17357.sorted.dedup.bam with NativeSamReader
I1027 13:32:10.376219 139734022551360 make_examples_core.py:243] Task 21/23: Writing gvcf records to /tmp/tmp0k31f53u/gvcf.tfrecord-00021-of-00023.gz
I1027 13:32:10.378226 139734022551360 make_examples_core.py:243] Task 21/23: Writing examples to /tmp/tmp0k31f53u/make_examples.tfrecord-00021-of-00023.gz
I1027 13:32:10.378425 139734022551360 make_examples_core.py:243] Task 21/23: Overhead for preparing inputs: 91 seconds
I1027 13:32:10.424851 139734022551360 make_examples_core.py:243] Task 21/23: 0 candidates (0 examples) [0.05s elapsed]
I1027 13:32:09.793747 140487329752896 genomics_reader.py:222] Reading /pipeline/input/17357.sorted.dedup.bam with NativeSamReader
I1027 13:32:10.357801 140487329752896 genomics_reader.py:222] Reading /pipeline/input/17357.sorted.dedup.bam with NativeSamReader
I1027 13:32:10.377259 140487329752896 make_examples_core.py:243] Task 10/23: Writing gvcf records to /tmp/tmp0k31f53u/gvcf.tfrecord-00010-of-00023.gz
I1027 13:32:10.379243 140487329752896 make_examples_core.py:243] Task 10/23: Writing examples to /tmp/tmp0k31f53u/make_examples.tfrecord-00010-of-00023.gz
I1027 13:32:10.379411 140487329752896 make_examples_core.py:243] Task 10/23: Overhead for preparing inputs: 91 seconds
I1027 13:32:10.473005 140487329752896 make_examples_core.py:243] Task 10/23: 4 candidates (4 examples) [0.09s elapsed]
I1027 13:32:09.855193 140525818730304 make_examples_core.py:243] Task 16/23: Starting from v0.9.0, --use_ref_for_cram is default to true. If you are using CRAM input, note that we will decode CRAM using the reference you passed in with --ref
2022-10-27 13:32:09.892768: I third_party/nucleus/io/sam_reader.cc:736] Setting HTS_OPT_BLOCK_SIZE to 134217728
I1027 13:32:10.175491 140525818730304 genomics_reader.py:222] Reading /pipeline/input/17357.sorted.dedup.bam with NativeSamReader
I1027 13:32:10.657017 140525818730304 genomics_reader.py:222] Reading /pipeline/input/17357.sorted.dedup.bam with NativeSamReader
I1027 13:32:10.687216 140525818730304 make_examples_core.py:243] Task 16/23: Writing gvcf records to /tmp/tmp0k31f53u/gvcf.tfrecord-00016-of-00023.gz
I1027 13:32:10.688899 140525818730304 make_examples_core.py:243] Task 16/23: Writing examples to /tmp/tmp0k31f53u/make_examples.tfrecord-00016-of-00023.gz
I1027 13:32:10.689029 140525818730304 make_examples_core.py:243] Task 16/23: Overhead for preparing inputs: 91 seconds
I1027 13:32:10.767624 140525818730304 make_examples_core.py:243] Task 16/23: 1 candidates (1 examples) [0.08s elapsed]
I1027 13:32:11.025255 140667042699072 genomics_reader.py:222] Reading /pipeline/input/17357.sorted.dedup.bam with NativeSamReader
I1027 13:32:11.046094 140667042699072 make_examples_core.py:243] Task 4/23: Writing gvcf records to /tmp/tmp0k31f53u/gvcf.tfrecord-00004-of-00023.gz
I1027 13:32:11.048098 140667042699072 make_examples_core.py:243] Task 4/23: Writing examples to /tmp/tmp0k31f53u/make_examples.tfrecord-00004-of-00023.gz
I1027 13:32:11.048243 140667042699072 make_examples_core.py:243] Task 4/23: Overhead for preparing inputs: 92 seconds
I1027 13:32:11.066694 140667042699072 make_examples_core.py:243] Task 4/23: 0 candidates (0 examples) [0.02s elapsed]
I1027 13:32:11.026382 139644561065792 genomics_reader.py:222] Reading /pipeline/input/17357.sorted.dedup.bam with NativeSamReader
I1027 13:32:11.394013 139644561065792 genomics_reader.py:222] Reading /pipeline/input/17357.sorted.dedup.bam with NativeSamReader
I1027 13:32:11.426299 139644561065792 make_examples_core.py:243] Task 12/23: Writing gvcf records to /tmp/tmp0k31f53u/gvcf.tfrecord-00012-of-00023.gz
I1027 13:32:11.428370 139644561065792 make_examples_core.py:243] Task 12/23: Writing examples to /tmp/tmp0k31f53u/make_examples.tfrecord-00012-of-00023.gz
I1027 13:32:11.428630 139644561065792 make_examples_core.py:243] Task 12/23: Overhead for preparing inputs: 92 seconds
I1027 13:32:11.503975 139644561065792 make_examples_core.py:243] Task 12/23: 2 candidates (2 examples) [0.08s elapsed]
I1027 13:32:10.813085 139853816739648 make_examples_core.py:243] Task 7/23: 7 candidates (7 examples) [0.12s elapsed]
I1027 13:32:11.027000 140211358857024 genomics_reader.py:222] Reading /pipeline/input/17357.sorted.dedup.bam with NativeSamReader
I1027 13:32:11.059026 140211358857024 make_examples_core.py:243] Task 19/23: Writing gvcf records to /tmp/tmp0k31f53u/gvcf.tfrecord-00019-of-00023.gz
I1027 13:32:11.060844 140211358857024 make_examples_core.py:243] Task 19/23: Writing examples to /tmp/tmp0k31f53u/make_examples.tfrecord-00019-of-00023.gz
I1027 13:32:11.060993 140211358857024 make_examples_core.py:243] Task 19/23: Overhead for preparing inputs: 92 seconds
I1027 13:32:11.138546 140211358857024 make_examples_core.py:243] Task 19/23: 1 candidates (1 examples) [0.08s elapsed]
I1027 13:32:13.281776 140530920023872 make_examples_core.py:243] Task 6/23: Starting from v0.9.0, --use_ref_for_cram is default to true. If you are using CRAM input, note that we will decode CRAM using the reference you passed in with --ref
2022-10-27 13:32:13.400738: I third_party/nucleus/io/sam_reader.cc:736] Setting HTS_OPT_BLOCK_SIZE to 134217728
I1027 13:32:13.831023 140530920023872 genomics_reader.py:222] Reading /pipeline/input/17357.sorted.dedup.bam with NativeSamReader
I1027 13:32:13.741297 139807707928384 make_examples_core.py:243] Task 18/23: Starting from v0.9.0, --use_ref_for_cram is default to true. If you are using CRAM input, note that we will decode CRAM using the reference you passed in with --ref
2022-10-27 13:32:13.827970: I third_party/nucleus/io/sam_reader.cc:736] Setting HTS_OPT_BLOCK_SIZE to 134217728
I1027 13:32:13.068944 140110833223488 make_examples_core.py:243] Task 20/23: Starting from v0.9.0, --use_ref_for_cram is default to true. If you are using CRAM input, note that we will decode CRAM using the reference you passed in with --ref
2022-10-27 13:32:13.202799: I third_party/nucleus/io/sam_reader.cc:736] Setting HTS_OPT_BLOCK_SIZE to 134217728
I1027 13:32:13.834100 140110833223488 genomics_reader.py:222] Reading /pipeline/input/17357.sorted.dedup.bam with NativeSamReader
I1027 13:32:14.170717 140530920023872 genomics_reader.py:222] Reading /pipeline/input/17357.sorted.dedup.bam with NativeSamReader
I1027 13:32:14.180363 140530920023872 make_examples_core.py:243] Task 6/23: Writing gvcf records to /tmp/tmp0k31f53u/gvcf.tfrecord-00006-of-00023.gz
I1027 13:32:14.181961 140530920023872 make_examples_core.py:243] Task 6/23: Writing examples to /tmp/tmp0k31f53u/make_examples.tfrecord-00006-of-00023.gz
I1027 13:32:14.182097 140530920023872 make_examples_core.py:243] Task 6/23: Overhead for preparing inputs: 95 seconds
I1027 13:32:14.200583 140530920023872 make_examples_core.py:243] Task 6/23: 0 candidates (0 examples) [0.02s elapsed]
I1027 13:32:14.170342 139807707928384 genomics_reader.py:222] Reading /pipeline/input/17357.sorted.dedup.bam with NativeSamReader
I1027 13:32:14.525637 139807707928384 genomics_reader.py:222] Reading /pipeline/input/17357.sorted.dedup.bam with NativeSamReader
I1027 13:32:14.534594 139807707928384 make_examples_core.py:243] Task 18/23: Writing gvcf records to /tmp/tmp0k31f53u/gvcf.tfrecord-00018-of-00023.gz
