I1027 13:32:14.536063 139807707928384 make_examples_core.py:243] Task 18/23: Writing examples to /tmp/tmp0k31f53u/make_examples.tfrecord-00018-of-00023.gz
I1027 13:32:14.536195 139807707928384 make_examples_core.py:243] Task 18/23: Overhead for preparing inputs: 95 seconds
I1027 13:32:14.573722 139807707928384 make_examples_core.py:243] Task 18/23: 0 candidates (0 examples) [0.04s elapsed]
I1027 13:32:14.186942 140110833223488 genomics_reader.py:222] Reading /pipeline/input/17357.sorted.dedup.bam with NativeSamReader
I1027 13:32:14.195994 140110833223488 make_examples_core.py:243] Task 20/23: Writing gvcf records to /tmp/tmp0k31f53u/gvcf.tfrecord-00020-of-00023.gz
I1027 13:32:14.197726 140110833223488 make_examples_core.py:243] Task 20/23: Writing examples to /tmp/tmp0k31f53u/make_examples.tfrecord-00020-of-00023.gz
I1027 13:32:14.197911 140110833223488 make_examples_core.py:243] Task 20/23: Overhead for preparing inputs: 94 seconds
I1027 13:32:14.294740 140110833223488 make_examples_core.py:243] Task 20/23: 2 candidates (2 examples) [0.10s elapsed]
I1027 13:34:27.017264 139853816739648 make_examples_core.py:243] Task 7/23: 2000 candidates (2183 examples) [136.20s elapsed]
I1027 13:34:27.574207 140101909616448 make_examples_core.py:243] Task 0/23: 2000 candidates (2156 examples) [142.54s elapsed]
I1027 13:34:29.532969 139644561065792 make_examples_core.py:243] Task 12/23: 2001 candidates (2200 examples) [138.03s elapsed]
I1027 13:34:28.757542 140498842720064 make_examples_core.py:243] Task 2/23: 2000 candidates (2170 examples) [143.72s elapsed]
I1027 13:34:31.610002 139673329477440 make_examples_core.py:243] Task 13/23: 2003 candidates (2185 examples) [142.88s elapsed]
I1027 13:34:32.399573 140530920023872 make_examples_core.py:243] Task 6/23: 2001 candidates (2172 examples) [138.20s elapsed]
I1027 13:34:35.890174 140683902457664 make_examples_core.py:243] Task 3/23: 2000 candidates (2182 examples) [145.48s elapsed]
I1027 13:34:35.463485 140211358857024 make_examples_core.py:243] Task 19/23: 2003 candidates (2142 examples) [144.32s elapsed]
I1027 13:34:35.084158 139688607323968 make_examples_core.py:243] Task 14/23: 2002 candidates (2210 examples) [145.42s elapsed]
I1027 13:34:36.313345 140667042699072 make_examples_core.py:243] Task 4/23: 2001 candidates (2178 examples) [145.25s elapsed]
I1027 13:34:38.470015 140261006911296 make_examples_core.py:243] Task 1/23: 2000 candidates (2116 examples) [148.67s elapsed]
I1027 13:34:38.311227 139734022551360 make_examples_core.py:243] Task 21/23: 2001 candidates (2214 examples) [147.89s elapsed]
I1027 13:34:42.360869 140293235164992 make_examples_core.py:243] Task 15/23: 2003 candidates (2170 examples) [157.02s elapsed]
I1027 13:34:42.653655 139777853941568 make_examples_core.py:243] Task 5/23: 2000 candidates (2181 examples) [151.92s elapsed]
I1027 13:34:42.809852 140022624261952 make_examples_core.py:243] Task 22/23: 2000 candidates (2253 examples) [152.79s elapsed]
I1027 13:34:44.343250 139966182692672 make_examples_core.py:243] Task 17/23: 2000 candidates (2189 examples) [153.58s elapsed]
I1027 13:34:43.661647 140330261481280 make_examples_core.py:243] Task 8/23: 2000 candidates (2169 examples) [157.36s elapsed]
I1027 13:34:44.477882 140525818730304 make_examples_core.py:243] Task 16/23: 2001 candidates (2195 examples) [153.71s elapsed]
I1027 13:34:46.183452 139894770648896 make_examples_core.py:243] Task 9/23: 2000 candidates (2144 examples) [156.19s elapsed]
I1027 13:34:45.697129 140110833223488 make_examples_core.py:243] Task 20/23: 2001 candidates (2194 examples) [151.40s elapsed]
I1027 13:34:47.214294 139807707928384 make_examples_core.py:243] Task 18/23: 2002 candidates (2213 examples) [152.64s elapsed]
I1027 13:34:49.252554 140202101749568 make_examples_core.py:243] Task 11/23: 2001 candidates (2214 examples) [164.15s elapsed]
I1027 13:34:49.540585 140487329752896 make_examples_core.py:243] Task 10/23: 2001 candidates (2205 examples) [159.07s elapsed]
I1027 13:36:38.056411 139853816739648 make_examples_core.py:243] Task 7/23: 4000 candidates (4361 examples) [131.04s elapsed]
I1027 13:36:52.471594 140530920023872 make_examples_core.py:243] Task 6/23: 4003 candidates (4341 examples) [140.07s elapsed]
I1027 13:36:51.708756 140498842720064 make_examples_core.py:243] Task 2/23: 4002 candidates (4336 examples) [142.95s elapsed]
I1027 13:36:53.677622 139644561065792 make_examples_core.py:243] Task 12/23: 4000 candidates (4373 examples) [144.14s elapsed]
I1027 13:36:54.320997 139777853941568 make_examples_core.py:243] Task 5/23: 4002 candidates (4330 examples) [131.67s elapsed]
I1027 13:36:54.282302 140211358857024 make_examples_core.py:243] Task 19/23: 4011 candidates (4331 examples) [138.82s elapsed]
I1027 13:36:55.889902 139688607323968 make_examples_core.py:243] Task 14/23: 4002 candidates (4373 examples) [140.80s elapsed]
I1027 13:36:56.974212 139807707928384 make_examples_core.py:243] Task 18/23: 4001 candidates (4386 examples) [129.76s elapsed]
I1027 13:36:57.205528 140330261481280 make_examples_core.py:243] Task 8/23: 4000 candidates (4330 examples) [133.54s elapsed]
I1027 13:36:58.288912 140683902457664 make_examples_core.py:243] Task 3/23: 4002 candidates (4365 examples) [142.40s elapsed]
I1027 13:36:58.852977 139894770648896 make_examples_core.py:243] Task 9/23: 4006 candidates (4304 examples) [132.67s elapsed]
I1027 13:36:59.832645 140293235164992 make_examples_core.py:243] Task 15/23: 4004 candidates (4333 examples) [137.47s elapsed]
I1027 13:37:01.523631 140101909616448 make_examples_core.py:243] Task 0/23: 4000 candidates (4326 examples) [153.95s elapsed]
I1027 13:37:01.193068 140667042699072 make_examples_core.py:243] Task 4/23: 4001 candidates (4348 examples) [144.88s elapsed]
I1027 13:37:06.154824 140261006911296 make_examples_core.py:243] Task 1/23: 4003 candidates (4324 examples) [147.68s elapsed]
I1027 13:37:06.398606 139966182692672 make_examples_core.py:243] Task 17/23: 4001 candidates (4357 examples) [142.05s elapsed]
I1027 13:37:06.842716 139673329477440 make_examples_core.py:243] Task 13/23: 4005 candidates (4379 examples) [155.23s elapsed]
I1027 13:37:07.494198 139734022551360 make_examples_core.py:243] Task 21/23: 4001 candidates (4391 examples) [149.18s elapsed]
I1027 13:37:09.606360 140525818730304 make_examples_core.py:243] Task 16/23: 4006 candidates (4385 examples) [145.13s elapsed]
I1027 13:37:11.741686 140022624261952 make_examples_core.py:243] Task 22/23: 4002 candidates (4392 examples) [148.93s elapsed]
I1027 13:37:11.311303 140110833223488 make_examples_core.py:243] Task 20/23: 4003 candidates (4409 examples) [145.61s elapsed]
I1027 13:37:12.490877 140202101749568 make_examples_core.py:243] Task 11/23: 4002 candidates (4401 examples) [143.24s elapsed]
I1027 13:37:12.229593 140487329752896 make_examples_core.py:243] Task 10/23: 4002 candidates (4375 examples) [142.69s elapsed]
I1027 13:39:40.700716 139853816739648 make_examples_core.py:243] Task 7/23: 6000 candidates (6511 examples) [182.64s elapsed]
I1027 13:39:46.321019 140330261481280 make_examples_core.py:243] Task 8/23: 6000 candidates (6496 examples) [169.11s elapsed]
I1027 13:39:46.765557 139807707928384 make_examples_core.py:243] Task 18/23: 6000 candidates (6580 examples) [169.79s elapsed]
I1027 13:39:50.774547 140530920023872 make_examples_core.py:243] Task 6/23: 6000 candidates (6515 examples) [178.30s elapsed]
I1027 13:39:50.382508 140498842720064 make_examples_core.py:243] Task 2/23: 6004 candidates (6484 examples) [178.67s elapsed]
I1027 13:39:52.437831 140683902457664 make_examples_core.py:243] Task 3/23: 6003 candidates (6550 examples) [174.15s elapsed]
I1027 13:39:55.645282 139644561065792 make_examples_core.py:243] Task 12/23: 6005 candidates (6522 examples) [181.97s elapsed]
I1027 13:39:56.069299 140525818730304 make_examples_core.py:243] Task 16/23: 6001 candidates (6533 examples) [166.46s elapsed]
I1027 13:39:56.531240 139966182692672 make_examples_core.py:243] Task 17/23: 6001 candidates (6541 examples) [170.13s elapsed]
I1027 13:39:57.872266 140101909616448 make_examples_core.py:243] Task 0/23: 6006 candidates (6497 examples) [176.35s elapsed]
I1027 13:39:58.807558 139777853941568 make_examples_core.py:243] Task 5/23: 6001 candidates (6536 examples) [184.49s elapsed]
I1027 13:39:59.178488 140293235164992 make_examples_core.py:243] Task 15/23: 6000 candidates (6480 examples) [179.34s elapsed]
I1027 13:39:59.226485 139688607323968 make_examples_core.py:243] Task 14/23: 6000 candidates (6526 examples) [183.34s elapsed]
I1027 13:40:00.899491 140110833223488 make_examples_core.py:243] Task 20/23: 6005 candidates (6589 examples) [169.59s elapsed]
I1027 13:40:02.016453 140211358857024 make_examples_core.py:243] Task 19/23: 6012 candidates (6479 examples) [187.73s elapsed]
I1027 13:40:03.488085 140667042699072 make_examples_core.py:243] Task 4/23: 6000 candidates (6530 examples) [182.29s elapsed]
I1027 13:40:03.994657 139734022551360 make_examples_core.py:243] Task 21/23: 6003 candidates (6561 examples) [176.50s elapsed]
I1027 13:40:06.450222 139894770648896 make_examples_core.py:243] Task 9/23: 6010 candidates (6492 examples) [187.60s elapsed]
I1027 13:40:08.083918 139673329477440 make_examples_core.py:243] Task 13/23: 6003 candidates (6465 examples) [181.24s elapsed]
I1027 13:40:07.979443 140022624261952 make_examples_core.py:243] Task 22/23: 6000 candidates (6523 examples) [176.24s elapsed]
I1027 13:40:10.986038 140261006911296 make_examples_core.py:243] Task 1/23: 6000 candidates (6498 examples) [184.83s elapsed]
I1027 13:40:17.075525 140487329752896 make_examples_core.py:243] Task 10/23: 6000 candidates (6561 examples) [184.85s elapsed]
I1027 13:40:19.207627 140202101749568 make_examples_core.py:243] Task 11/23: 6008 candidates (6605 examples) [186.72s elapsed]
I1027 13:41:36.469430 140110833223488 make_examples_core.py:243] Task 20/23: Writing example info to /tmp/tmp0k31f53u/make_examples.tfrecord-00020-of-00023.gz.example_info.json
I1027 13:41:36.469800 140110833223488 make_examples_core.py:1883] example_shape = [100, 221, 7]
I1027 13:41:36.470278 140110833223488 make_examples_core.py:1884] example_channels = [1, 2, 3, 4, 5, 6, 19]
I1027 13:41:36.697165 140667042699072 make_examples_core.py:243] Task 4/23: Writing example info to /tmp/tmp0k31f53u/make_examples.tfrecord-00004-of-00023.gz.example_info.json
I1027 13:41:36.698104 140667042699072 make_examples_core.py:1883] example_shape = [100, 221, 7]
I1027 13:41:36.699251 140667042699072 make_examples_core.py:1884] example_channels = [1, 2, 3, 4, 5, 6, 19]
I1027 13:41:36.700199 140667042699072 make_examples_core.py:243] Task 4/23: Found 7453 candidate variants
I1027 13:41:36.700332 140667042699072 make_examples_core.py:243] Task 4/23: Created 8096 examples
I1027 13:41:37.089284 140683902457664 make_examples_core.py:243] Task 3/23: Writing example info to /tmp/tmp0k31f53u/make_examples.tfrecord-00003-of-00023.gz.example_info.json
I1027 13:41:37.089889 140683902457664 make_examples_core.py:1883] example_shape = [100, 221, 7]
I1027 13:41:37.091062 140683902457664 make_examples_core.py:1884] example_channels = [1, 2, 3, 4, 5, 6, 19]
I1027 13:41:37.091963 140683902457664 make_examples_core.py:243] Task 3/23: Found 7590 candidate variants
I1027 13:41:37.092086 140683902457664 make_examples_core.py:243] Task 3/23: Created 8244 examples
I1027 13:41:36.974410 139853816739648 make_examples_core.py:243] Task 7/23: Writing example info to /tmp/tmp0k31f53u/make_examples.tfrecord-00007-of-00023.gz.example_info.json
I1027 13:41:36.974785 139853816739648 make_examples_core.py:1883] example_shape = [100, 221, 7]
I1027 13:41:36.975259 139853816739648 make_examples_core.py:1884] example_channels = [1, 2, 3, 4, 5, 6, 19]
I1027 13:41:36.975974 139853816739648 make_examples_core.py:243] Task 7/23: Found 7805 candidate variants
I1027 13:41:36.976094 139853816739648 make_examples_core.py:243] Task 7/23: Created 8466 examples
I1027 13:41:36.925222 139807707928384 make_examples_core.py:243] Task 18/23: Writing example info to /tmp/tmp0k31f53u/make_examples.tfrecord-00018-of-00023.gz.example_info.json
I1027 13:41:36.925948 139807707928384 make_examples_core.py:1883] example_shape = [100, 221, 7]
I1027 13:41:36.927027 139807707928384 make_examples_core.py:1884] example_channels = [1, 2, 3, 4, 5, 6, 19]
I1027 13:41:36.928103 139807707928384 make_examples_core.py:243] Task 18/23: Found 7690 candidate variants
I1027 13:41:36.928235 139807707928384 make_examples_core.py:243] Task 18/23: Created 8367 examples
I1027 13:41:36.494709 140110833223488 make_examples_core.py:243] Task 20/23: Found 7654 candidate variants
I1027 13:41:36.495008 140110833223488 make_examples_core.py:243] Task 20/23: Created 8336 examples
I1027 13:41:38.031611 140261006911296 make_examples_core.py:243] Task 1/23: Writing example info to /tmp/tmp0k31f53u/make_examples.tfrecord-00001-of-00023.gz.example_info.json
I1027 13:41:38.032221 140261006911296 make_examples_core.py:1883] example_shape = [100, 221, 7]
I1027 13:41:38.033353 140261006911296 make_examples_core.py:1884] example_channels = [1, 2, 3, 4, 5, 6, 19]
I1027 13:41:38.034258 140261006911296 make_examples_core.py:243] Task 1/23: Found 7430 candidate variants
I1027 13:41:38.034381 140261006911296 make_examples_core.py:243] Task 1/23: Created 8022 examples
I1027 13:41:38.042656 140101909616448 make_examples_core.py:243] Task 0/23: Writing example info to /tmp/tmp0k31f53u/make_examples.tfrecord-00000-of-00023.gz.example_info.json
I1027 13:41:38.043292 140101909616448 make_examples_core.py:1883] example_shape = [100, 221, 7]
I1027 13:41:38.044327 140101909616448 make_examples_core.py:1884] example_channels = [1, 2, 3, 4, 5, 6, 19]
I1027 13:41:38.045300 140101909616448 make_examples_core.py:243] Task 0/23: Found 7505 candidate variants
I1027 13:41:38.045428 140101909616448 make_examples_core.py:243] Task 0/23: Created 8082 examples
I1027 13:41:38.091695 139644561065792 make_examples_core.py:243] Task 12/23: Writing example info to /tmp/tmp0k31f53u/make_examples.tfrecord-00012-of-00023.gz.example_info.json
I1027 13:41:38.092030 139644561065792 make_examples_core.py:1883] example_shape = [100, 221, 7]
I1027 13:41:38.092590 139644561065792 make_examples_core.py:1884] example_channels = [1, 2, 3, 4, 5, 6, 19]
I1027 13:41:38.093305 139644561065792 make_examples_core.py:243] Task 12/23: Found 7625 candidate variants
I1027 13:41:38.093399 139644561065792 make_examples_core.py:243] Task 12/23: Created 8231 examples
I1027 13:41:38.146646 140202101749568 make_examples_core.py:243] Task 11/23: Writing example info to /tmp/tmp0k31f53u/make_examples.tfrecord-00011-of-00023.gz.example_info.json
I1027 13:41:38.147265 140202101749568 make_examples_core.py:1883] example_shape = [100, 221, 7]
I1027 13:41:38.148859 140202101749568 make_examples_core.py:1884] example_channels = [1, 2, 3, 4, 5, 6, 19]
I1027 13:41:38.151416 140202101749568 make_examples_core.py:243] Task 11/23: Found 7124 candidate variants
I1027 13:41:38.151598 140202101749568 make_examples_core.py:243] Task 11/23: Created 7825 examples
I1027 13:41:38.593358 139894770648896 make_examples_core.py:243] Task 9/23: Writing example info to /tmp/tmp0k31f53u/make_examples.tfrecord-00009-of-00023.gz.example_info.json
I1027 13:41:38.593883 139894770648896 make_examples_core.py:1883] example_shape = [100, 221, 7]
I1027 13:41:38.594875 139894770648896 make_examples_core.py:1884] example_channels = [1, 2, 3, 4, 5, 6, 19]
I1027 13:41:38.595643 139894770648896 make_examples_core.py:243] Task 9/23: Found 7455 candidate variants
I1027 13:41:38.595740 139894770648896 make_examples_core.py:243] Task 9/23: Created 8026 examples
I1027 13:41:38.645600 139673329477440 make_examples_core.py:243] Task 13/23: Writing example info to /tmp/tmp0k31f53u/make_examples.tfrecord-00013-of-00023.gz.example_info.json
I1027 13:41:38.646255 139673329477440 make_examples_core.py:1883] example_shape = [100, 221, 7]
I1027 13:41:38.647503 139673329477440 make_examples_core.py:1884] example_channels = [1, 2, 3, 4, 5, 6, 19]
I1027 13:41:38.648942 139673329477440 make_examples_core.py:243] Task 13/23: Found 7452 candidate variants
I1027 13:41:38.649066 139673329477440 make_examples_core.py:243] Task 13/23: Created 7996 examples
I1027 13:41:38.893634 140525818730304 make_examples_core.py:243] Task 16/23: Writing example info to /tmp/tmp0k31f53u/make_examples.tfrecord-00016-of-00023.gz.example_info.json
I1027 13:41:38.894247 140525818730304 make_examples_core.py:1883] example_shape = [100, 221, 7]
I1027 13:41:38.895414 140525818730304 make_examples_core.py:1884] example_channels = [1, 2, 3, 4, 5, 6, 19]
I1027 13:41:38.896454 140525818730304 make_examples_core.py:243] Task 16/23: Found 7680 candidate variants
I1027 13:41:38.896610 140525818730304 make_examples_core.py:243] Task 16/23: Created 8330 examples
I1027 13:41:39.115011 140211358857024 make_examples_core.py:243] Task 19/23: Writing example info to /tmp/tmp0k31f53u/make_examples.tfrecord-00019-of-00023.gz.example_info.json
I1027 13:41:39.115642 140211358857024 make_examples_core.py:1883] example_shape = [100, 221, 7]
I1027 13:41:39.116579 140211358857024 make_examples_core.py:1884] example_channels = [1, 2, 3, 4, 5, 6, 19]
I1027 13:41:39.117401 140211358857024 make_examples_core.py:243] Task 19/23: Found 7553 candidate variants
I1027 13:41:39.117543 140211358857024 make_examples_core.py:243] Task 19/23: Created 8143 examples
I1027 13:41:39.237965 140293235164992 make_examples_core.py:243] Task 15/23: Writing example info to /tmp/tmp0k31f53u/make_examples.tfrecord-00015-of-00023.gz.example_info.json
I1027 13:41:39.238464 140293235164992 make_examples_core.py:1883] example_shape = [100, 221, 7]
I1027 13:41:39.239035 140293235164992 make_examples_core.py:1884] example_channels = [1, 2, 3, 4, 5, 6, 19]
I1027 13:41:39.239708 140293235164992 make_examples_core.py:243] Task 15/23: Found 7521 candidate variants
I1027 13:41:39.239805 140293235164992 make_examples_core.py:243] Task 15/23: Created 8142 examples
I1027 13:41:40.539051 140022624261952 make_examples_core.py:243] Task 22/23: Writing example info to /tmp/tmp0k31f53u/make_examples.tfrecord-00022-of-00023.gz.example_info.json
I1027 13:41:40.539319 140022624261952 make_examples_core.py:1883] example_shape = [100, 221, 7]
I1027 13:41:40.539706 140022624261952 make_examples_core.py:1884] example_channels = [1, 2, 3, 4, 5, 6, 19]
I1027 13:41:40.540271 140022624261952 make_examples_core.py:243] Task 22/23: Found 7534 candidate variants
I1027 13:41:40.540364 140022624261952 make_examples_core.py:243] Task 22/23: Created 8154 examples
I1027 13:41:40.658660 139966182692672 make_examples_core.py:243] Task 17/23: Writing example info to /tmp/tmp0k31f53u/make_examples.tfrecord-00017-of-00023.gz.example_info.json
I1027 13:41:40.658993 139966182692672 make_examples_core.py:1883] example_shape = [100, 221, 7]
I1027 13:41:40.659462 139966182692672 make_examples_core.py:1884] example_channels = [1, 2, 3, 4, 5, 6, 19]
I1027 13:41:40.660142 139966182692672 make_examples_core.py:243] Task 17/23: Found 7455 candidate variants
I1027 13:41:40.660236 139966182692672 make_examples_core.py:243] Task 17/23: Created 8139 examples
I1027 13:41:41.107472 140498842720064 make_examples_core.py:243] Task 2/23: Writing example info to /tmp/tmp0k31f53u/make_examples.tfrecord-00002-of-00023.gz.example_info.json
I1027 13:41:41.107908 140498842720064 make_examples_core.py:1883] example_shape = [100, 221, 7]
I1027 13:41:41.108701 140498842720064 make_examples_core.py:1884] example_channels = [1, 2, 3, 4, 5, 6, 19]
I1027 13:41:41.109386 140498842720064 make_examples_core.py:243] Task 2/23: Found 7895 candidate variants
I1027 13:41:41.109478 140498842720064 make_examples_core.py:243] Task 2/23: Created 8490 examples
I1027 13:41:41.432974 139734022551360 make_examples_core.py:243] Task 21/23: Writing example info to /tmp/tmp0k31f53u/make_examples.tfrecord-00021-of-00023.gz.example_info.json
I1027 13:41:41.433438 139734022551360 make_examples_core.py:1883] example_shape = [100, 221, 7]
I1027 13:41:41.434029 139734022551360 make_examples_core.py:1884] example_channels = [1, 2, 3, 4, 5, 6, 19]
I1027 13:41:41.434850 139734022551360 make_examples_core.py:243] Task 21/23: Found 7457 candidate variants
I1027 13:41:41.434978 139734022551360 make_examples_core.py:243] Task 21/23: Created 8101 examples
I1027 13:41:42.992967 139688607323968 make_examples_core.py:243] Task 14/23: Writing example info to /tmp/tmp0k31f53u/make_examples.tfrecord-00014-of-00023.gz.example_info.json
I1027 13:41:42.993449 139688607323968 make_examples_core.py:1883] example_shape = [100, 221, 7]
I1027 13:41:42.994415 139688607323968 make_examples_core.py:1884] example_channels = [1, 2, 3, 4, 5, 6, 19]
I1027 13:41:42.995227 139688607323968 make_examples_core.py:243] Task 14/23: Found 7639 candidate variants
I1027 13:41:42.995326 139688607323968 make_examples_core.py:243] Task 14/23: Created 8271 examples
I1027 13:41:43.027158 140530920023872 make_examples_core.py:243] Task 6/23: Writing example info to /tmp/tmp0k31f53u/make_examples.tfrecord-00006-of-00023.gz.example_info.json
I1027 13:41:43.027615 140530920023872 make_examples_core.py:1883] example_shape = [100, 221, 7]
I1027 13:41:43.028348 140530920023872 make_examples_core.py:1884] example_channels = [1, 2, 3, 4, 5, 6, 19]
I1027 13:41:43.029043 140530920023872 make_examples_core.py:243] Task 6/23: Found 7776 candidate variants
I1027 13:41:43.029139 140530920023872 make_examples_core.py:243] Task 6/23: Created 8397 examples
I1027 13:41:43.508849 140330261481280 make_examples_core.py:243] Task 8/23: Writing example info to /tmp/tmp0k31f53u/make_examples.tfrecord-00008-of-00023.gz.example_info.json
I1027 13:41:43.509467 140330261481280 make_examples_core.py:1883] example_shape = [100, 221, 7]
I1027 13:41:43.509970 140330261481280 make_examples_core.py:1884] example_channels = [1, 2, 3, 4, 5, 6, 19]
I1027 13:41:43.510592 140330261481280 make_examples_core.py:243] Task 8/23: Found 7852 candidate variants
I1027 13:41:43.510687 140330261481280 make_examples_core.py:243] Task 8/23: Created 8477 examples
I1027 13:41:43.959803 140487329752896 make_examples_core.py:243] Task 10/23: Writing example info to /tmp/tmp0k31f53u/make_examples.tfrecord-00010-of-00023.gz.example_info.json
I1027 13:41:43.960178 140487329752896 make_examples_core.py:1883] example_shape = [100, 221, 7]
I1027 13:41:43.960781 140487329752896 make_examples_core.py:1884] example_channels = [1, 2, 3, 4, 5, 6, 19]
I1027 13:41:43.961422 140487329752896 make_examples_core.py:243] Task 10/23: Found 7275 candidate variants
I1027 13:41:43.961531 140487329752896 make_examples_core.py:243] Task 10/23: Created 7936 examples
I1027 13:41:46.178367 139777853941568 make_examples_core.py:243] Task 5/23: Writing example info to /tmp/tmp0k31f53u/make_examples.tfrecord-00005-of-00023.gz.example_info.json
I1027 13:41:46.178814 139777853941568 make_examples_core.py:1883] example_shape = [100, 221, 7]
I1027 13:41:46.179466 139777853941568 make_examples_core.py:1884] example_channels = [1, 2, 3, 4, 5, 6, 19]
I1027 13:41:46.180141 139777853941568 make_examples_core.py:243] Task 5/23: Found 7643 candidate variants
I1027 13:41:46.180242 139777853941568 make_examples_core.py:243] Task 5/23: Created 8284 examples
real	11m15.200s
user	228m23.848s
sys	3m30.907s
***** Running the command:*****
time /opt/deepvariant/bin/call_variants --outfile "/tmp/tmp0k31f53u/call_variants_output.tfrecord.gz" --examples "/tmp/tmp0k31f53u/make_examples.tfrecord@23.gz" --checkpoint "/opt/models/wes/model.ckpt" --openvino_model_dir "/tmp/tmp0k31f53u"
I1027 13:41:51.197907 140294593509184 call_variants.py:317] From /tmp/tmp0k31f53u/make_examples.tfrecord-00000-of-00023.gz.example_info.json: Shape of input examples: [100, 221, 7], Channels of input examples: [1, 2, 3, 4, 5, 6, 19].
I1027 13:41:51.202383 140294593509184 call_variants.py:317] From /opt/models/wes/model.ckpt.example_info.json: Shape of input examples: [100, 221, 7], Channels of input examples: [1, 2, 3, 4, 5, 6, 19].
2022-10-27 13:41:51.207101: I tensorflow/core/platform/cpu_feature_guard.cc:151] This TensorFlow binary is optimized with oneAPI Deep Neural Network Library (oneDNN) to use the following CPU instructions in performance-critical operations:  AVX2 FMA
To enable them in other operations, rebuild TensorFlow with the appropriate compiler flags.
2022-10-27 13:41:51.221942: I tensorflow/core/common_runtime/process_util.cc:146] Creating new thread pool with default inter op setting: 2. Tune using inter_op_parallelism_threads for best performance.
WARNING:tensorflow:Using temporary folder as model directory: /tmp/tmpuvshckj7
W1027 13:41:51.301539 140294593509184 estimator.py:1864] Using temporary folder as model directory: /tmp/tmpuvshckj7
INFO:tensorflow:Using config: {'_model_dir': '/tmp/tmpuvshckj7', '_tf_random_seed': None, '_save_summary_steps': 100, '_save_checkpoints_steps': None, '_save_checkpoints_secs': 600, '_session_config': , '_keep_checkpoint_max': 100000, '_keep_checkpoint_every_n_hours': 10000, '_log_step_count_steps': 100, '_train_distribute': None, '_device_fn': None, '_protocol': None, '_eval_distribute': None, '_experimental_distribute': None, '_experimental_max_worker_delay_secs': None, '_session_creation_timeout_secs': 7200, '_checkpoint_save_graph_def': True, '_service': None, '_cluster_spec': ClusterSpec({}), '_task_type': 'worker', '_task_id': 0, '_global_id_in_cluster': 0, '_master': '', '_evaluation_master': '', '_is_chief': True, '_num_ps_replicas': 0, '_num_worker_replicas': 1}
27-10-2022 16:59:18 | runner.py           | line 323: [    INFO]  PID 120706 : (megelis-deepvariant-17357-390d04e0) status code: 0; error: None
27-10-2022 16:59:19 | runner.py           | line 335: [    INFO]  PID 120706 : Saved 'megelis-deepvariant-17357-390d04e0' container log output (78.88 KB, ASCII text, with very long lines): '/mnt/data-processed/ngp-analysis/100075/17357/megelis-deepvariant-17357-390d04e0.log'
27-10-2022 16:59:19 | runner.py           | line 645: [    INFO]  PID 120706 : Pipeline stage 'variant-calling': DONE
27-10-2022 16:59:19 | runner.py           | line 656: [    INFO]  PID 120706 : Pipeline stage 'vcf-filtering': INIT
27-10-2022 16:59:19 | runner.py           | line 658: [   DEBUG]  PID 120706 : host_from: /mnt/data-processed/ngp-analysis/100075/17357; host_to: /mnt/data-processed/ngp-analysis/100075/17357
27-10-2022 16:59:20 | runner.py           | line 262: [   DEBUG]  PID 120706 : Creating a docker container (megelis/bcftools:development) 'megelis-bcftools-17357-b081d9b1'; volumes: ['/core-pool/pipelines/megelis-ngp/references/gatk-best-practices-hg38:/pipeline/reference:ro', '/mnt/data-processed/ngp-analysis/100075/17357:/pipeline/input:ro', '/mnt/data-processed/ngp-analysis/100075/17357:/pipeline/output:rw', '/core-pool/pipelines/megelis-ngp/bcftools/scripts:/pipeline/tools:ro', '/core-pool/pipelines/megelis-ngp/references/regions/:/pipeline/regions:ro', '/core-pool/trash:/tmp']; CMD args: ['/bin/bash', '/pipeline/tools/filter.sh', '/pipeline/input/17357.deepvariant-1.4.0.vcf']; env: {'GID': '1211', 'THREADS': '23'}
I1027 13:41:51.302483 140294593509184 estimator.py:202] Using config: {'_model_dir': '/tmp/tmpuvshckj7', '_tf_random_seed': None, '_save_summary_steps': 100, '_save_checkpoints_steps': None, '_save_checkpoints_secs': 600, '_session_config': , '_keep_checkpoint_max': 100000, '_keep_checkpoint_every_n_hours': 10000, '_log_step_count_steps': 100, '_train_distribute': None, '_device_fn': None, '_protocol': None, '_eval_distribute': None, '_experimental_distribute': None, '_experimental_max_worker_delay_secs': None, '_session_creation_timeout_secs': 7200, '_checkpoint_save_graph_def': True, '_service': None, '_cluster_spec': ClusterSpec({}), '_task_type': 'worker', '_task_id': 0, '_global_id_in_cluster': 0, '_master': '', '_evaluation_master': '', '_is_chief': True, '_num_ps_replicas': 0, '_num_worker_replicas': 1}
I1027 13:41:51.302898 140294593509184 call_variants.py:446] Writing calls to /tmp/tmp0k31f53u/call_variants_output.tfrecord.gz
INFO:tensorflow:Calling model_fn.
I1027 13:41:51.780151 140294593509184 estimator.py:1173] Calling model_fn.
/usr/local/lib/python3.8/dist-packages/tf_slim/layers/layers.py:1083: UserWarning: `layer.apply` is deprecated and will be removed in a future version. Please use `layer.__call__` method instead.
outputs = layer.apply(inputs)
/usr/local/lib/python3.8/dist-packages/tf_slim/layers/layers.py:678: UserWarning: `layer.apply` is deprecated and will be removed in a future version. Please use `layer.__call__` method instead.
outputs = layer.apply(inputs, training=is_training)
/usr/local/lib/python3.8/dist-packages/tf_slim/layers/layers.py:2441: UserWarning: `layer.apply` is deprecated and will be removed in a future version. Please use `layer.__call__` method instead.
outputs = layer.apply(inputs)
/usr/local/lib/python3.8/dist-packages/tf_slim/layers/layers.py:118: UserWarning: `layer.apply` is deprecated and will be removed in a future version. Please use `layer.__call__` method instead.
outputs = layer.apply(inputs)
/usr/local/lib/python3.8/dist-packages/tf_slim/layers/layers.py:1638: UserWarning: `layer.apply` is deprecated and will be removed in a future version. Please use `layer.__call__` method instead.
outputs = layer.apply(inputs, training=is_training)
INFO:tensorflow:Done calling model_fn.
I1027 13:41:57.907308 140294593509184 estimator.py:1175] Done calling model_fn.
INFO:tensorflow:Graph was finalized.
I1027 13:41:58.948770 140294593509184 monitored_session.py:247] Graph was finalized.
INFO:tensorflow:Restoring parameters from /opt/models/wes/model.ckpt
I1027 13:41:58.950384 140294593509184 saver.py:1399] Restoring parameters from /opt/models/wes/model.ckpt
INFO:tensorflow:Running local_init_op.
I1027 13:42:00.241843 140294593509184 session_manager.py:531] Running local_init_op.
INFO:tensorflow:Done running local_init_op.
I1027 13:42:00.312394 140294593509184 session_manager.py:534] Done running local_init_op.
INFO:tensorflow:Reloading EMA...
I1027 13:42:01.033695 140294593509184 modeling.py:418] Reloading EMA...
INFO:tensorflow:Restoring parameters from /opt/models/wes/model.ckpt
I1027 13:42:01.034181 140294593509184 saver.py:1399] Restoring parameters from /opt/models/wes/model.ckpt
I1027 13:42:05.225811 140294593509184 call_variants.py:462] Processed 1 examples in 1 batches [1392.234 sec per 100]
I1027 13:45:47.971279 140294593509184 call_variants.py:462] Processed 50001 examples in 98 batches [0.473 sec per 100]
I1027 13:49:09.595310 140294593509184 call_variants.py:462] Processed 100001 examples in 196 batches [0.438 sec per 100]
I1027 13:52:42.916309 140294593509184 call_variants.py:462] Processed 150001 examples in 293 batches [0.434 sec per 100]
I1027 13:56:03.533611 140294593509184 call_variants.py:468] Processed 188555 examples in 369 batches [0.452 sec per 100]
I1027 13:56:03.533962 140294593509184 call_variants.py:471] Done calling variants from a total of 188555 examples.
real	14m18.546s
user	283m20.167s
sys	30m46.486s
***** Running the command:*****
time /opt/deepvariant/bin/postprocess_variants --ref "/pipeline/reference/Homo_sapiens_assembly38.fasta" --infile "/tmp/tmp0k31f53u/call_variants_output.tfrecord.gz" --outfile "/pipeline/output/17357.deepvariant-1.4.0.vcf" --nonvariant_site_tfrecord_path "/tmp/tmp0k31f53u/gvcf.tfrecord@23.gz" --gvcf_outfile "/pipeline/output/17357.deepvariant-1.4.0.gvcf"
I1027 13:56:10.740603 139910766806848 postprocess_variants.py:971] Using sample name from call_variants output. Sample name: pool
2022-10-27 13:56:10.770451: I deepvariant/postprocess_variants.cc:88] Read from: /tmp/tmp0k31f53u/call_variants_output.tfrecord.gz
2022-10-27 13:56:12.210574: I deepvariant/postprocess_variants.cc:103] Total #entries in single_site_calls = 188555
I1027 13:56:17.163746 139910766806848 postprocess_variants.py:1036] CVO sorting took 0.10688983996709188 minutes
I1027 13:56:17.166560 139910766806848 postprocess_variants.py:1039] Transforming call_variants_output to variants.
I1027 13:56:58.306342 139910766806848 postprocess_variants.py:1079] Processing variants (and writing to temporary file) took 0.6855217536290487 minutes
I1027 13:58:38.770241 139910766806848 postprocess_variants.py:1092] Finished writing VCF and gVCF in 1.6743839065233865 minutes.
I1027 13:58:39.318976 139910766806848 genomics_reader.py:222] Reading /pipeline/output/17357.deepvariant-1.4.0.vcf with NativeVcfReader
I1027 13:58:57.588763 139910766806848 postprocess_variants.py:1103] Generating VCF stats took 0.31362677017847695 minutes.
real	2m52.920s
user	2m27.587s
sys	0m16.722s
27-10-2022 16:59:40 | runner.py           | line 323: [    INFO]  PID 120706 : (megelis-bcftools-17357-b081d9b1) status code: 0; error: None
27-10-2022 16:59:41 | runner.py           | line 335: [    INFO]  PID 120706 : Saved 'megelis-bcftools-17357-b081d9b1' container log output (4.44 KB, ASCII text): '/mnt/data-processed/ngp-analysis/100075/17357/megelis-bcftools-17357-b081d9b1.log'
27-10-2022 16:59:41 | runner.py           | line 685: [    INFO]  PID 120706 : Pipeline stage 'vcf-filtering': DONE
27-10-2022 16:59:41 | runner.py           | line 696: [    INFO]  PID 120706 : Pipeline stage 'annotation': INIT
27-10-2022 16:59:41 | runner.py           | line 698: [   DEBUG]  PID 120706 : host_from: /mnt/data-processed/ngp-analysis/100075/17357; host_to: /mnt/data-processed/ngp-analysis/100075/17357
27-10-2022 16:59:41 | runner.py           | line 262: [   DEBUG]  PID 120706 : Creating a docker container (megelis/annotation:development) 'megelis-annotation-17357-3aa6f873'; volumes: ['/core-pool/pipelines/megelis-ngp/references/gatk-best-practices-hg38:/pipeline/reference:ro', '/mnt/data-processed/ngp-analysis/100075/17357:/pipeline/input:ro', '/mnt/data-processed/ngp-analysis/100075/17357:/pipeline/output:rw', '/core-pool/pipelines/megelis-ngp/references/ensembl-vep-104-cache:/pipeline/vep-cache:ro', '/core-pool/pipelines/megelis-ngp/references/ensembl-vep-104-plugins-data:/pipeline/vep-plugins/plugins_data:ro', '/core-pool/pipelines/megelis-ngp/annotation/scripts:/pipeline/tools:ro']; CMD args: ['/bin/bash', '/pipeline/tools/annotate-vzakharova.sh', '/pipeline/reference/Homo_sapiens_assembly38.fasta', '/pipeline/input/17357.deepvariant-1.4.0.qual1+.vcf', '2000']; env: {'GID': '1211', 'THREADS': '23'}
before filtering (size): 14M	/pipeline/input/17357.deepvariant-1.4.0.vcf
before filtering (lines): 177445 /pipeline/input/17357.deepvariant-1.4.0.vcf
after filtering (size): 8.1M	/pipeline/output/17357.deepvariant-1.4.0.qual1+.vcf
after filtering: (lines)106495 /pipeline/output/17357.deepvariant-1.4.0.qual1+.vcf
2022-10-27 13:59:43 - INFO: BAM-edited cache detected, enabling --use_transcript_ref; use --use_given_ref to override this
WARNING: 39 : Use of uninitialized value $gene_symbol in hash element at /pipeline/vep-plugins/SpliceAI.pm line 295.
Use of uninitialized value $gene_symbol in hash element at /pipeline/vep-plugins/SpliceAI.pm line 295.
WARNING: 19 : Use of uninitialized value $gene_symbol in hash element at /pipeline/vep-plugins/SpliceAI.pm line 295.
Use of uninitialized value $gene_symbol in hash element at /pipeline/vep-plugins/SpliceAI.pm line 295.
Use of uninitialized value $gene_symbol in hash element at /pipeline/vep-plugins/SpliceAI.pm line 295.
Use of uninitialized value $gene_symbol in hash element at /pipeline/vep-plugins/SpliceAI.pm line 295.
Use of uninitialized value $gene_symbol in hash element at /pipeline/vep-plugins/SpliceAI.pm line 295.
Use of uninitialized value $gene_symbol in hash element at /pipeline/vep-plugins/SpliceAI.pm line 295.
Use of uninitialized value $gene_symbol in hash element at /pipeline/vep-plugins/SpliceAI.pm line 295.
Use of uninitialized value $gene_symbol in hash element at /pipeline/vep-plugins/SpliceAI.pm line 295.
Use of uninitialized value $gene_symbol in hash element at /pipeline/vep-plugins/SpliceAI.pm line 295.
Use of uninitialized value $gene_symbol in hash element at /pipeline/vep-plugins/SpliceAI.pm line 295.
Use of uninitialized value $gene_symbol in hash element at /pipeline/vep-plugins/SpliceAI.pm line 295.
Use of uninitialized value $gene_symbol in hash element at /pipeline/vep-plugins/SpliceAI.pm line 295.
WARNING: 18 : Use of uninitialized value $gene_symbol in hash element at /pipeline/vep-plugins/SpliceAI.pm line 295.
Use of uninitialized value $gene_symbol in hash element at /pipeline/vep-plugins/SpliceAI.pm line 295.
Use of uninitialized value $gene_symbol in hash element at /pipeline/vep-plugins/SpliceAI.pm line 295.
WARNING: 54 : Use of uninitialized value $gene_symbol in hash element at /pipeline/vep-plugins/SpliceAI.pm line 295.
WARNING: 80 : Use of uninitialized value $gene_symbol in hash element at /pipeline/vep-plugins/SpliceAI.pm line 295.
Use of uninitialized value $gene_symbol in hash element at /pipeline/vep-plugins/SpliceAI.pm line 295.
Use of uninitialized value $gene_symbol in hash element at /pipeline/vep-plugins/SpliceAI.pm line 295.
Use of uninitialized value $gene_symbol in hash element at /pipeline/vep-plugins/SpliceAI.pm line 295.
Use of uninitialized value $gene_symbol in hash element at /pipeline/vep-plugins/SpliceAI.pm line 295.
Use of uninitialized value $gene_symbol in hash element at /pipeline/vep-plugins/SpliceAI.pm line 295.
Use of uninitialized value $gene_symbol in hash element at /pipeline/vep-plugins/SpliceAI.pm line 295.
Use of uninitialized value $gene_symbol in hash element at /pipeline/vep-plugins/SpliceAI.pm line 295.
Use of uninitialized value $gene_symbol in hash element at /pipeline/vep-plugins/SpliceAI.pm line 295.
Use of uninitialized value $gene_symbol in hash element at /pipeline/vep-plugins/SpliceAI.pm line 295.
Use of uninitialized value $gene_symbol in hash element at /pipeline/vep-plugins/SpliceAI.pm line 295.
Use of uninitialized value $gene_symbol in hash element at /pipeline/vep-plugins/SpliceAI.pm line 295.
Use of uninitialized value $gene_symbol in hash element at /pipeline/vep-plugins/SpliceAI.pm line 295.
Use of uninitialized value $gene_symbol in hash element at /pipeline/vep-plugins/SpliceAI.pm line 295.
Use of uninitialized value $gene_symbol in hash element at /pipeline/vep-plugins/SpliceAI.pm line 295.
Use of uninitialized value $gene_symbol in hash element at /pipeline/vep-plugins/SpliceAI.pm line 295.
Use of uninitialized value $gene_symbol in hash element at /pipeline/vep-plugins/SpliceAI.pm line 295.
Use of uninitialized value $gene_symbol in hash element at /pipeline/vep-plugins/SpliceAI.pm line 295.
Use of uninitialized value $gene_symbol in hash element at /pipeline/vep-plugins/SpliceAI.pm line 295.
Use of uninitialized value $gene_symbol in hash element at /pipeline/vep-plugins/SpliceAI.pm line 295.
Use of uninitialized value $gene_symbol in hash element at /pipeline/vep-plugins/SpliceAI.pm line 295.
Use of uninitialized value $gene_symbol in hash element at /pipeline/vep-plugins/SpliceAI.pm line 295.
Use of uninitialized value $gene_symbol in hash element at /pipeline/vep-plugins/SpliceAI.pm line 295.
Use of uninitialized value $gene_symbol in hash element at /pipeline/vep-plugins/SpliceAI.pm line 295.
Use of uninitialized value $gene_symbol in hash element at /pipeline/vep-plugins/SpliceAI.pm line 295.
Use of uninitialized value $gene_symbol in hash element at /pipeline/vep-plugins/SpliceAI.pm line 295.
Use of uninitialized value $gene_symbol in hash element at /pipeline/vep-plugins/SpliceAI.pm line 295.
Use of uninitialized value $gene_symbol in hash element at /pipeline/vep-plugins/SpliceAI.pm line 295.
Use of uninitialized value $gene_symbol in hash element at /pipeline/vep-plugins/SpliceAI.pm line 295.
WARNING: 66 : Use of uninitialized value $gene_symbol in hash element at /pipeline/vep-plugins/SpliceAI.pm line 295.
Use of uninitialized value $gene_symbol in hash element at /pipeline/vep-plugins/SpliceAI.pm line 295.
Use of uninitialized value $gene_symbol in hash element at /pipeline/vep-plugins/SpliceAI.pm line 295.
Use of uninitialized value $gene_symbol in hash element at /pipeline/vep-plugins/SpliceAI.pm line 295.
Use of uninitialized value $gene_symbol in hash element at /pipeline/vep-plugins/SpliceAI.pm line 295.
Use of uninitialized value $gene_symbol in hash element at /pipeline/vep-plugins/SpliceAI.pm line 295.
Use of uninitialized value $gene_symbol in hash element at /pipeline/vep-plugins/SpliceAI.pm line 295.
Use of uninitialized value $gene_symbol in hash element at /pipeline/vep-plugins/SpliceAI.pm line 295.
Use of uninitialized value $gene_symbol in hash element at /pipeline/vep-plugins/SpliceAI.pm line 295.
Use of uninitialized value $gene_symbol in hash element at /pipeline/vep-plugins/SpliceAI.pm line 295.
Use of uninitialized value $gene_symbol in hash element at /pipeline/vep-plugins/SpliceAI.pm line 295.
Use of uninitialized value $gene_symbol in hash element at /pipeline/vep-plugins/SpliceAI.pm line 295.
Use of uninitialized value $gene_symbol in hash element at /pipeline/vep-plugins/SpliceAI.pm line 295.
Use of uninitialized value $gene_symbol in hash element at /pipeline/vep-plugins/SpliceAI.pm line 295.
Use of uninitialized value $gene_symbol in hash element at /pipeline/vep-plugins/SpliceAI.pm line 295.
Use of uninitialized value $gene_symbol in hash element at /pipeline/vep-plugins/SpliceAI.pm line 295.
Use of uninitialized value $gene_symbol in hash element at /pipeline/vep-plugins/SpliceAI.pm line 295.
Use of uninitialized value $gene_symbol in hash element at /pipeline/vep-plugins/SpliceAI.pm line 295.
Use of uninitialized value $gene_symbol in hash element at /pipeline/vep-plugins/SpliceAI.pm line 295.
Use of uninitialized value $gene_symbol in hash element at /pipeline/vep-plugins/SpliceAI.pm line 295.
Use of uninitialized value $gene_symbol in hash element at /pipeline/vep-plugins/SpliceAI.pm line 295.
Use of uninitialized value $gene_symbol in hash element at /pipeline/vep-plugins/SpliceAI.pm line 295.
Use of uninitialized value $gene_symbol in hash element at /pipeline/vep-plugins/SpliceAI.pm line 295.
Use of uninitialized value $gene_symbol in hash element at /pipeline/vep-plugins/SpliceAI.pm line 295.
Use of uninitialized value $gene_symbol in hash element at /pipeline/vep-plugins/SpliceAI.pm line 295.
WARNING: 75 : Use of uninitialized value $gene_symbol in hash element at /pipeline/vep-plugins/SpliceAI.pm line 295.
Use of uninitialized value $gene_symbol in hash element at /pipeline/vep-plugins/SpliceAI.pm line 295.
Use of uninitialized value $gene_symbol in hash element at /pipeline/vep-plugins/SpliceAI.pm line 295.
Use of uninitialized value $gene_symbol in hash element at /pipeline/vep-plugins/SpliceAI.pm line 295.
Use of uninitialized value $gene_symbol in hash element at /pipeline/vep-plugins/SpliceAI.pm line 295.
Use of uninitialized value $gene_symbol in hash element at /pipeline/vep-plugins/SpliceAI.pm line 295.
Use of uninitialized value $gene_symbol in hash element at /pipeline/vep-plugins/SpliceAI.pm line 295.
Use of uninitialized value $gene_symbol in hash element at /pipeline/vep-plugins/SpliceAI.pm line 295.
Use of uninitialized value $gene_symbol in hash element at /pipeline/vep-plugins/SpliceAI.pm line 295.
WARNING: 96 : Use of uninitialized value $gene_symbol in hash element at /pipeline/vep-plugins/SpliceAI.pm line 295.
Use of uninitialized value $gene_symbol in hash element at /pipeline/vep-plugins/SpliceAI.pm line 295.
Use of uninitialized value $gene_symbol in hash element at /pipeline/vep-plugins/SpliceAI.pm line 295.
Use of uninitialized value $gene_symbol in hash element at /pipeline/vep-plugins/SpliceAI.pm line 295.
Use of uninitialized value $gene_symbol in hash element at /pipeline/vep-plugins/SpliceAI.pm line 295.
Use of uninitialized value $gene_symbol in hash element at /pipeline/vep-plugins/SpliceAI.pm line 295.
Use of uninitialized value $gene_symbol in hash element at /pipeline/vep-plugins/SpliceAI.pm line 295.
Use of uninitialized value $gene_symbol in hash element at /pipeline/vep-plugins/SpliceAI.pm line 295.
Use of uninitialized value $gene_symbol in hash element at /pipeline/vep-plugins/SpliceAI.pm line 295.
Use of uninitialized value $gene_symbol in hash element at /pipeline/vep-plugins/SpliceAI.pm line 295.
Use of uninitialized value $gene_symbol in hash element at /pipeline/vep-plugins/SpliceAI.pm line 295.
WARNING: 97 : Use of uninitialized value $gene_symbol in hash element at /pipeline/vep-plugins/SpliceAI.pm line 295.
WARNING: 120 : Use of uninitialized value $gene_symbol in hash element at /pipeline/vep-plugins/SpliceAI.pm line 295.
Use of uninitialized value $gene_symbol in hash element at /pipeline/vep-plugins/SpliceAI.pm line 295.
Use of uninitialized value $gene_symbol in hash element at /pipeline/vep-plugins/SpliceAI.pm line 295.
Use of uninitialized value $gene_symbol in hash element at /pipeline/vep-plugins/SpliceAI.pm line 295.
Use of uninitialized value $gene_symbol in hash element at /pipeline/vep-plugins/SpliceAI.pm line 295.
Use of uninitialized value $gene_symbol in hash element at /pipeline/vep-plugins/SpliceAI.pm line 295.
Use of uninitialized value $gene_symbol in hash element at /pipeline/vep-plugins/SpliceAI.pm line 295.
Use of uninitialized value $gene_symbol in hash element at /pipeline/vep-plugins/SpliceAI.pm line 295.
Use of uninitialized value $gene_symbol in hash element at /pipeline/vep-plugins/SpliceAI.pm line 295.
Use of uninitialized value $gene_symbol in hash element at /pipeline/vep-plugins/SpliceAI.pm line 295.
Use of uninitialized value $gene_symbol in hash element at /pipeline/vep-plugins/SpliceAI.pm line 295.
Use of uninitialized value $gene_symbol in hash element at /pipeline/vep-plugins/SpliceAI.pm line 295.
Use of uninitialized value $gene_symbol in hash element at /pipeline/vep-plugins/SpliceAI.pm line 295.
WARNING: 115 : Use of uninitialized value $gene_symbol in hash element at /pipeline/vep-plugins/SpliceAI.pm line 295.
WARNING: 114 : Use of uninitialized value $gene_symbol in hash element at /pipeline/vep-plugins/SpliceAI.pm line 295.
Use of uninitialized value $gene_symbol in hash element at /pipeline/vep-plugins/SpliceAI.pm line 295.
Use of uninitialized value $gene_symbol in hash element at /pipeline/vep-plugins/SpliceAI.pm line 295.
Use of uninitialized value $gene_symbol in hash element at /pipeline/vep-plugins/SpliceAI.pm line 295.
Use of uninitialized value $gene_symbol in hash element at /pipeline/vep-plugins/SpliceAI.pm line 295.
WARNING: 131 : Use of uninitialized value $gene_symbol in hash element at /pipeline/vep-plugins/SpliceAI.pm line 295.
Use of uninitialized value $gene_symbol in hash element at /pipeline/vep-plugins/SpliceAI.pm line 295.
Use of uninitialized value $gene_symbol in hash element at /pipeline/vep-plugins/SpliceAI.pm line 295.
Use of uninitialized value $gene_symbol in hash element at /pipeline/vep-plugins/SpliceAI.pm line 295.
Use of uninitialized value $gene_symbol in hash element at /pipeline/vep-plugins/SpliceAI.pm line 295.
WARNING: 108 : Use of uninitialized value $gene_symbol in hash element at /pipeline/vep-plugins/SpliceAI.pm line 295.
Use of uninitialized value $gene_symbol in hash element at /pipeline/vep-plugins/SpliceAI.pm line 295.
Use of uninitialized value $gene_symbol in hash element at /pipeline/vep-plugins/SpliceAI.pm line 295.
Use of uninitialized value $gene_symbol in hash element at /pipeline/vep-plugins/SpliceAI.pm line 295.
WARNING: 138 : Use of uninitialized value $gene_symbol in hash element at /pipeline/vep-plugins/SpliceAI.pm line 295.
Use of uninitialized value $gene_symbol in hash element at /pipeline/vep-plugins/SpliceAI.pm line 295.
Use of uninitialized value $gene_symbol in hash element at /pipeline/vep-plugins/SpliceAI.pm line 295.
WARNING: 151 : Use of uninitialized value $gene_symbol in hash element at /pipeline/vep-plugins/SpliceAI.pm line 295.
Use of uninitialized value $gene_symbol in hash element at /pipeline/vep-plugins/SpliceAI.pm line 295.
Use of uninitialized value $gene_symbol in hash element at /pipeline/vep-plugins/SpliceAI.pm line 295.
WARNING: 152 : Use of uninitialized value $gene_symbol in hash element at /pipeline/vep-plugins/SpliceAI.pm line 295.
Use of uninitialized value $gene_symbol in hash element at /pipeline/vep-plugins/SpliceAI.pm line 295.
WARNING: 166 : Use of uninitialized value $gene_symbol in hash element at /pipeline/vep-plugins/SpliceAI.pm line 295.
WARNING: 162 : Use of uninitialized value $gene_symbol in hash element at /pipeline/vep-plugins/SpliceAI.pm line 295.
Use of uninitialized value $gene_symbol in hash element at /pipeline/vep-plugins/SpliceAI.pm line 295.
Use of uninitialized value $gene_symbol in hash element at /pipeline/vep-plugins/SpliceAI.pm line 295.
Use of uninitialized value $gene_symbol in hash element at /pipeline/vep-plugins/SpliceAI.pm line 295.
Use of uninitialized value $gene_symbol in hash element at /pipeline/vep-plugins/SpliceAI.pm line 295.
Use of uninitialized value $gene_symbol in hash element at /pipeline/vep-plugins/SpliceAI.pm line 295.
Use of uninitialized value $gene_symbol in hash element at /pipeline/vep-plugins/SpliceAI.pm line 295.
Use of uninitialized value $gene_symbol in hash element at /pipeline/vep-plugins/SpliceAI.pm line 295.
WARNING: 165 : Use of uninitialized value $gene_symbol in hash element at /pipeline/vep-plugins/SpliceAI.pm line 295.
Use of uninitialized value $gene_symbol in hash element at /pipeline/vep-plugins/SpliceAI.pm line 295.
Use of uninitialized value $gene_symbol in hash element at /pipeline/vep-plugins/SpliceAI.pm line 295.
Use of uninitialized value $gene_symbol in hash element at /pipeline/vep-plugins/SpliceAI.pm line 295.
Use of uninitialized value $gene_symbol in hash element at /pipeline/vep-plugins/SpliceAI.pm line 295.
Use of uninitialized value $gene_symbol in hash element at /pipeline/vep-plugins/SpliceAI.pm line 295.
